Archive member included to satisfy reference by file (symbol)

/opt/st/stm32cubeide_1.12.0/plugins/com.st.stm32cube.ide.mcu.externaltools.gnu-tools-for-stm32.10.3-2021.10.linux64_1.0.200.202301161003/tools/bin/../lib/gcc/arm-none-eabi/10.3.1/../../../../arm-none-eabi/lib/thumb/v7e-m+fp/hard/libc_nano.a(lib_a-errno.o)
                              ./Core/Src/syscalls.o (__errno)
/opt/st/stm32cubeide_1.12.0/plugins/com.st.stm32cube.ide.mcu.externaltools.gnu-tools-for-stm32.10.3-2021.10.linux64_1.0.200.202301161003/tools/bin/../lib/gcc/arm-none-eabi/10.3.1/../../../../arm-none-eabi/lib/thumb/v7e-m+fp/hard/libc_nano.a(lib_a-exit.o)
                              /opt/st/stm32cubeide_1.12.0/plugins/com.st.stm32cube.ide.mcu.externaltools.gnu-tools-for-stm32.10.3-2021.10.linux64_1.0.200.202301161003/tools/bin/../lib/gcc/arm-none-eabi/10.3.1/../../../../arm-none-eabi/lib/thumb/v7e-m+fp/hard/crt0.o (exit)
/opt/st/stm32cubeide_1.12.0/plugins/com.st.stm32cube.ide.mcu.externaltools.gnu-tools-for-stm32.10.3-2021.10.linux64_1.0.200.202301161003/tools/bin/../lib/gcc/arm-none-eabi/10.3.1/../../../../arm-none-eabi/lib/thumb/v7e-m+fp/hard/libc_nano.a(lib_a-impure.o)
                              /opt/st/stm32cubeide_1.12.0/plugins/com.st.stm32cube.ide.mcu.externaltools.gnu-tools-for-stm32.10.3-2021.10.linux64_1.0.200.202301161003/tools/bin/../lib/gcc/arm-none-eabi/10.3.1/../../../../arm-none-eabi/lib/thumb/v7e-m+fp/hard/libc_nano.a(lib_a-exit.o) (_global_impure_ptr)
/opt/st/stm32cubeide_1.12.0/plugins/com.st.stm32cube.ide.mcu.externaltools.gnu-tools-for-stm32.10.3-2021.10.linux64_1.0.200.202301161003/tools/bin/../lib/gcc/arm-none-eabi/10.3.1/../../../../arm-none-eabi/lib/thumb/v7e-m+fp/hard/libc_nano.a(lib_a-init.o)
                              /opt/st/stm32cubeide_1.12.0/plugins/com.st.stm32cube.ide.mcu.externaltools.gnu-tools-for-stm32.10.3-2021.10.linux64_1.0.200.202301161003/tools/bin/../lib/gcc/arm-none-eabi/10.3.1/../../../../arm-none-eabi/lib/thumb/v7e-m+fp/hard/crt0.o (__libc_init_array)
/opt/st/stm32cubeide_1.12.0/plugins/com.st.stm32cube.ide.mcu.externaltools.gnu-tools-for-stm32.10.3-2021.10.linux64_1.0.200.202301161003/tools/bin/../lib/gcc/arm-none-eabi/10.3.1/../../../../arm-none-eabi/lib/thumb/v7e-m+fp/hard/libc_nano.a(lib_a-malloc.o)
                              ./Middlewares/ST/STM32_USB_Host_Library/Class/HID/Src/usbh_hid.o (malloc)
/opt/st/stm32cubeide_1.12.0/plugins/com.st.stm32cube.ide.mcu.externaltools.gnu-tools-for-stm32.10.3-2021.10.linux64_1.0.200.202301161003/tools/bin/../lib/gcc/arm-none-eabi/10.3.1/../../../../arm-none-eabi/lib/thumb/v7e-m+fp/hard/libc_nano.a(lib_a-memset.o)
                              /opt/st/stm32cubeide_1.12.0/plugins/com.st.stm32cube.ide.mcu.externaltools.gnu-tools-for-stm32.10.3-2021.10.linux64_1.0.200.202301161003/tools/bin/../lib/gcc/arm-none-eabi/10.3.1/../../../../arm-none-eabi/lib/thumb/v7e-m+fp/hard/crt0.o (memset)
/opt/st/stm32cubeide_1.12.0/plugins/com.st.stm32cube.ide.mcu.externaltools.gnu-tools-for-stm32.10.3-2021.10.linux64_1.0.200.202301161003/tools/bin/../lib/gcc/arm-none-eabi/10.3.1/../../../../arm-none-eabi/lib/thumb/v7e-m+fp/hard/libc_nano.a(lib_a-nano-freer.o)
                              /opt/st/stm32cubeide_1.12.0/plugins/com.st.stm32cube.ide.mcu.externaltools.gnu-tools-for-stm32.10.3-2021.10.linux64_1.0.200.202301161003/tools/bin/../lib/gcc/arm-none-eabi/10.3.1/../../../../arm-none-eabi/lib/thumb/v7e-m+fp/hard/libc_nano.a(lib_a-malloc.o) (_free_r)
/opt/st/stm32cubeide_1.12.0/plugins/com.st.stm32cube.ide.mcu.externaltools.gnu-tools-for-stm32.10.3-2021.10.linux64_1.0.200.202301161003/tools/bin/../lib/gcc/arm-none-eabi/10.3.1/../../../../arm-none-eabi/lib/thumb/v7e-m+fp/hard/libc_nano.a(lib_a-nano-mallocr.o)
                              /opt/st/stm32cubeide_1.12.0/plugins/com.st.stm32cube.ide.mcu.externaltools.gnu-tools-for-stm32.10.3-2021.10.linux64_1.0.200.202301161003/tools/bin/../lib/gcc/arm-none-eabi/10.3.1/../../../../arm-none-eabi/lib/thumb/v7e-m+fp/hard/libc_nano.a(lib_a-malloc.o) (_malloc_r)
/opt/st/stm32cubeide_1.12.0/plugins/com.st.stm32cube.ide.mcu.externaltools.gnu-tools-for-stm32.10.3-2021.10.linux64_1.0.200.202301161003/tools/bin/../lib/gcc/arm-none-eabi/10.3.1/../../../../arm-none-eabi/lib/thumb/v7e-m+fp/hard/libc_nano.a(lib_a-sbrkr.o)
                              /opt/st/stm32cubeide_1.12.0/plugins/com.st.stm32cube.ide.mcu.externaltools.gnu-tools-for-stm32.10.3-2021.10.linux64_1.0.200.202301161003/tools/bin/../lib/gcc/arm-none-eabi/10.3.1/../../../../arm-none-eabi/lib/thumb/v7e-m+fp/hard/libc_nano.a(lib_a-nano-mallocr.o) (_sbrk_r)
/opt/st/stm32cubeide_1.12.0/plugins/com.st.stm32cube.ide.mcu.externaltools.gnu-tools-for-stm32.10.3-2021.10.linux64_1.0.200.202301161003/tools/bin/../lib/gcc/arm-none-eabi/10.3.1/../../../../arm-none-eabi/lib/thumb/v7e-m+fp/hard/libc_nano.a(lib_a-sprintf.o)
                              ./Core/Src/main.o (sprintf)
[...]
Memory Configuration

Name             Origin             Length             Attributes
RAM              0x0000000020000000 0x0000000000020000 xrw
FLASH            0x0000000008000000 0x0000000000080000 xr
*default*        0x0000000000000000 0xffffffffffffffff

Linker script and memory map

LOAD /opt/st/stm32cubeide_1.12.0/plugins/com.st.stm32cube.ide.mcu.externaltools.gnu-tools-for-stm32.10.3-2021.10.linux64_1.0.200.202301161003/tools/bin/../lib/gcc/arm-none-eabi/10.3.1/thumb/v7e-m+fp/hard/crti.o
LOAD /opt/st/stm32cubeide_1.12.0/plugins/com.st.stm32cube.ide.mcu.externaltools.gnu-tools-for-stm32.10.3-2021.10.linux64_1.0.200.202301161003/tools/bin/../lib/gcc/arm-none-eabi/10.3.1/thumb/v7e-m+fp/hard/crtbegin.o
LOAD /opt/st/stm32cubeide_1.12.0/plugins/com.st.stm32cube.ide.mcu.externaltools.gnu-tools-for-stm32.10.3-2021.10.linux64_1.0.200.202301161003/tools/bin/../lib/gcc/arm-none-eabi/10.3.1/../../../../arm-none-eabi/lib/thumb/v7e-m+fp/hard/crt0.o
LOAD ./Core/Src/main.o
LOAD ./Core/Src/stm32f4xx_hal_msp.o
LOAD ./Core/Src/stm32f4xx_it.o
LOAD ./Core/Src/syscalls.o
LOAD ./Core/Src/sysmem.o
LOAD ./Core/Src/system_stm32f4xx.o
LOAD ./Core/Startup/startup_stm32f446retx.o
LOAD ./Drivers/STM32F4xx_HAL_Driver/Src/stm32f4xx_hal.o
LOAD ./Drivers/STM32F4xx_HAL_Driver/Src/stm32f4xx_hal_cortex.o
LOAD ./Drivers/STM32F4xx_HAL_Driver/Src/stm32f4xx_hal_dma.o
LOAD ./Drivers/STM32F4xx_HAL_Driver/Src/stm32f4xx_hal_dma_ex.o
LOAD ./Drivers/STM32F4xx_HAL_Driver/Src/stm32f4xx_hal_exti.o
LOAD ./Drivers/STM32F4xx_HAL_Driver/Src/stm32f4xx_hal_flash.o
LOAD ./Drivers/STM32F4xx_HAL_Driver/Src/stm32f4xx_hal_flash_ex.o
LOAD ./Drivers/STM32F4xx_HAL_Driver/Src/stm32f4xx_hal_flash_ramfunc.o
LOAD ./Drivers/STM32F4xx_HAL_Driver/Src/stm32f4xx_hal_gpio.o
LOAD ./Drivers/STM32F4xx_HAL_Driver/Src/stm32f4xx_hal_hcd.o
LOAD ./Drivers/STM32F4xx_HAL_Driver/Src/stm32f4xx_hal_pcd.o
LOAD ./Drivers/STM32F4xx_HAL_Driver/Src/stm32f4xx_hal_pcd_ex.o
LOAD ./Drivers/STM32F4xx_HAL_Driver/Src/stm32f4xx_hal_pwr.o
LOAD ./Drivers/STM32F4xx_HAL_Driver/Src/stm32f4xx_hal_pwr_ex.o
LOAD ./Drivers/STM32F4xx_HAL_Driver/Src/stm32f4xx_hal_rcc.o
LOAD ./Drivers/STM32F4xx_HAL_Driver/Src/stm32f4xx_hal_rcc_ex.o
LOAD ./Drivers/STM32F4xx_HAL_Driver/Src/stm32f4xx_hal_tim.o
LOAD ./Drivers/STM32F4xx_HAL_Driver/Src/stm32f4xx_hal_tim_ex.o
LOAD ./Drivers/STM32F4xx_HAL_Driver/Src/stm32f4xx_hal_uart.o
LOAD ./Drivers/STM32F4xx_HAL_Driver/Src/stm32f4xx_ll_usb.o
LOAD ./Middlewares/ST/STM32_USB_Device_Library/Class/HID/Src/usbd_hid.o
LOAD ./Middlewares/ST/STM32_USB_Device_Library/Core/Src/usbd_core.o
LOAD ./Middlewares/ST/STM32_USB_Device_Library/Core/Src/usbd_ctlreq.o
LOAD ./Middlewares/ST/STM32_USB_Device_Library/Core/Src/usbd_ioreq.o
LOAD ./Middlewares/ST/STM32_USB_Host_Library/Class/HID/Src/usbh_hid.o
LOAD ./Middlewares/ST/STM32_USB_Host_Library/Class/HID/Src/usbh_hid_keybd.o
LOAD ./Middlewares/ST/STM32_USB_Host_Library/Class/HID/Src/usbh_hid_mouse.o
LOAD ./Middlewares/ST/STM32_USB_Host_Library/Class/HID/Src/usbh_hid_parser.o
LOAD ./Middlewares/ST/STM32_USB_Host_Library/Core/Src/usbh_core.o
LOAD ./Middlewares/ST/STM32_USB_Host_Library/Core/Src/usbh_ctlreq.o
LOAD ./Middlewares/ST/STM32_USB_Host_Library/Core/Src/usbh_ioreq.o
LOAD ./Middlewares/ST/STM32_USB_Host_Library/Core/Src/usbh_pipes.o
LOAD ./USB_DEVICE/App/usb_device.o
LOAD ./USB_DEVICE/App/usbd_desc.o
LOAD ./USB_DEVICE/Target/usbd_conf.o
LOAD ./USB_HOST/App/usb_host.o
LOAD ./USB_HOST/Target/usbh_conf.o
LOAD ./USB_HOST/Target/usbh_platform.o
START GROUP
LOAD /opt/st/stm32cubeide_1.12.0/plugins/com.st.stm32cube.ide.mcu.externaltools.gnu-tools-for-stm32.10.3-2021.10.linux64_1.0.200.202301161003/tools/bin/../lib/gcc/arm-none-eabi/10.3.1/../../../../arm-none-eabi/lib/thumb/v7e-m+fp/hard/libstdc++_nano.a
LOAD /opt/st/stm32cubeide_1.12.0/plugins/com.st.stm32cube.ide.mcu.externaltools.gnu-tools-for-stm32.10.3-2021.10.linux64_1.0.200.202301161003/tools/bin/../lib/gcc/arm-none-eabi/10.3.1/../../../../arm-none-eabi/lib/thumb/v7e-m+fp/hard/libsupc++_nano.a
END GROUP
LOAD /opt/st/stm32cubeide_1.12.0/plugins/com.st.stm32cube.ide.mcu.externaltools.gnu-tools-for-stm32.10.3-2021.10.linux64_1.0.200.202301161003/tools/bin/../lib/gcc/arm-none-eabi/10.3.1/../../../../arm-none-eabi/lib/thumb/v7e-m+fp/hard/libstdc++_nano.a
LOAD /opt/st/stm32cubeide_1.12.0/plugins/com.st.stm32cube.ide.mcu.externaltools.gnu-tools-for-stm32.10.3-2021.10.linux64_1.0.200.202301161003/tools/bin/../lib/gcc/arm-none-eabi/10.3.1/../../../../arm-none-eabi/lib/thumb/v7e-m+fp/hard/libm.a
LOAD /opt/st/stm32cubeide_1.12.0/plugins/com.st.stm32cube.ide.mcu.externaltools.gnu-tools-for-stm32.10.3-2021.10.linux64_1.0.200.202301161003/tools/bin/../lib/gcc/arm-none-eabi/10.3.1/../../../../arm-none-eabi/lib/thumb/v7e-m+fp/hard/libc_nano.a
START GROUP
LOAD /opt/st/stm32cubeide_1.12.0/plugins/com.st.stm32cube.ide.mcu.externaltools.gnu-tools-for-stm32.10.3-2021.10.linux64_1.0.200.202301161003/tools/bin/../lib/gcc/arm-none-eabi/10.3.1/thumb/v7e-m+fp/hard/libgcc.a
LOAD /opt/st/stm32cubeide_1.12.0/plugins/com.st.stm32cube.ide.mcu.externaltools.gnu-tools-for-stm32.10.3-2021.10.linux64_1.0.200.202301161003/tools/bin/../lib/gcc/arm-none-eabi/10.3.1/../../../../arm-none-eabi/lib/thumb/v7e-m+fp/hard/libc_nano.a
END GROUP
START GROUP
LOAD /opt/st/stm32cubeide_1.12.0/plugins/com.st.stm32cube.ide.mcu.externaltools.gnu-tools-for-stm32.10.3-2021.10.linux64_1.0.200.202301161003/tools/bin/../lib/gcc/arm-none-eabi/10.3.1/thumb/v7e-m+fp/hard/libgcc.a
LOAD /opt/st/stm32cubeide_1.12.0/plugins/com.st.stm32cube.ide.mcu.externaltools.gnu-tools-for-stm32.10.3-2021.10.linux64_1.0.200.202301161003/tools/bin/../lib/gcc/arm-none-eabi/10.3.1/../../../../arm-none-eabi/lib/thumb/v7e-m+fp/hard/libc_nano.a
LOAD /opt/st/stm32cubeide_1.12.0/plugins/com.st.stm32cube.ide.mcu.externaltools.gnu-tools-for-stm32.10.3-2021.10.linux64_1.0.200.202301161003/tools/bin/../lib/gcc/arm-none-eabi/10.3.1/../../../../arm-none-eabi/lib/thumb/v7e-m+fp/hard/libnosys.a
END GROUP
START GROUP
LOAD /opt/st/stm32cubeide_1.12.0/plugins/com.st.stm32cube.ide.mcu.externaltools.gnu-tools-for-stm32.10.3-2021.10.linux64_1.0.200.202301161003/tools/bin/../lib/gcc/arm-none-eabi/10.3.1/thumb/v7e-m+fp/hard/libgcc.a
LOAD /opt/st/stm32cubeide_1.12.0/plugins/com.st.stm32cube.ide.mcu.externaltools.gnu-tools-for-stm32.10.3-2021.10.linux64_1.0.200.202301161003/tools/bin/../lib/gcc/arm-none-eabi/10.3.1/../../../../arm-none-eabi/lib/thumb/v7e-m+fp/hard/libc_nano.a
LOAD /opt/st/stm32cubeide_1.12.0/plugins/com.st.stm32cube.ide.mcu.externaltools.gnu-tools-for-stm32.10.3-2021.10.linux64_1.0.200.202301161003/tools/bin/../lib/gcc/arm-none-eabi/10.3.1/../../../../arm-none-eabi/lib/thumb/v7e-m+fp/hard/libnosys.a
END GROUP
LOAD /opt/st/stm32cubeide_1.12.0/plugins/com.st.stm32cube.ide.mcu.externaltools.gnu-tools-for-stm32.10.3-2021.10.linux64_1.0.200.202301161003/tools/bin/../lib/gcc/arm-none-eabi/10.3.1/thumb/v7e-m+fp/hard/crtend.o
LOAD /opt/st/stm32cubeide_1.12.0/plugins/com.st.stm32cube.ide.mcu.externaltools.gnu-tools-for-stm32.10.3-2021.10.linux64_1.0.200.202301161003/tools/bin/../lib/gcc/arm-none-eabi/10.3.1/thumb/v7e-m+fp/hard/crtn.o
                0x0000000020020000                _estack = (ORIGIN (RAM) + LENGTH (RAM))
                0x0000000000000200                _Min_Heap_Size = 0x200
                0x0000000000000400                _Min_Stack_Size = 0x400

.isr_vector     0x0000000008000000      0x1c4
                0x0000000008000000                . = ALIGN (0x4)
 *(.isr_vector)
 .isr_vector    0x0000000008000000      0x1c4 ./Core/Startup/startup_stm32f446retx.o
                0x0000000008000000                g_pfnVectors
                0x00000000080001c4                . = ALIGN (0x4)

.text           0x00000000080001d0     0xd840
                0x00000000080001d0                . = ALIGN (0x4)
 *(.text)
 .text          0x00000000080001d0       0x40 /opt/st/stm32cubeide_1.12.0/plugins/com.st.stm32cube.ide.mcu.externaltools.gnu-tools-for-stm32.10.3-2021.10.linux64_1.0.200.202301161003/tools/bin/../lib/gcc/arm-none-eabi/10.3.1/thumb/v7e-m+fp/hard/crtbegin.o
 .text          0x0000000008000210       0xa0 /opt/st/stm32cubeide_1.12.0/plugins/com.st.stm32cube.ide.mcu.externaltools.gnu-tools-for-stm32.10.3-2021.10.linux64_1.0.200.202301161003/tools/bin/../lib/gcc/arm-none-eabi/10.3.1/../../../../arm-none-eabi/lib/thumb/v7e-m+fp/hard/libc_nano.a(lib_a-memchr.o)
                0x0000000008000210                memchr
 .text          0x00000000080002b0       0x30 /opt/st/stm32cubeide_1.12.0/plugins/com.st.stm32cube.ide.mcu.externaltools.gnu-tools-for-stm32.10.3-2021.10.linux64_1.0.200.202301161003/tools/bin/../lib/gcc/arm-none-eabi/10.3.1/thumb/v7e-m+fp/hard/libgcc.a(_aeabi_uldivmod.o)
                0x00000000080002b0                __aeabi_uldivmod
 .text          0x00000000080002e0      0x2d0 /opt/st/stm32cubeide_1.12.0/plugins/com.st.stm32cube.ide.mcu.externaltools.gnu-tools-for-stm32.10.3-2021.10.linux64_1.0.200.202301161003/tools/bin/../lib/gcc/arm-none-eabi/10.3.1/thumb/v7e-m+fp/hard/libgcc.a(_udivmoddi4.o)
                0x00000000080002e0                __udivmoddi4
 .text          0x00000000080005b0        0x4 /opt/st/stm32cubeide_1.12.0/plugins/com.st.stm32cube.ide.mcu.externaltools.gnu-tools-for-stm32.10.3-2021.10.linux64_1.0.200.202301161003/tools/bin/../lib/gcc/arm-none-eabi/10.3.1/thumb/v7e-m+fp/hard/libgcc.a(_dvmd_tls.o)
                0x00000000080005b0                __aeabi_ldiv0
                0x00000000080005b0                __aeabi_idiv0
 *(.text*)
 .text.HAL_GPIO_EXTI_Callback
                0x00000000080005b4       0x44 ./Core/Src/main.o
                0x00000000080005b4                HAL_GPIO_EXTI_Callback
 .text.USBH_HID_EventCallback
                0x00000000080005f8      0x1d8 ./Core/Src/main.o
                0x00000000080005f8                USBH_HID_EventCallback
 .text.type_hello_world
                0x00000000080007d0      0x1bc ./Core/Src/main.o
                0x00000000080007d0                type_hello_world
 .text.main     0x000000000800098c       0x3c ./Core/Src/main.o
                0x000000000800098c                main
 .text.SystemClock_Config
                0x00000000080009c8       0xd8 ./Core/Src/main.o
                0x00000000080009c8                SystemClock_Config
 .text.MX_USART2_UART_Init
                0x0000000008000aa0       0x54 ./Core/Src/main.o
 .text.MX_GPIO_Init
                0x0000000008000af4       0xec ./Core/Src/main.o
 .text.Error_Handler
                0x0000000008000be0        0xa ./Core/Src/main.o
                0x0000000008000be0                Error_Handler
 *fill*         0x0000000008000bea        0x2 
 .text.HAL_MspInit
                0x0000000008000bec       0x50 ./Core/Src/stm32f4xx_hal_msp.o
                0x0000000008000bec                HAL_MspInit
 .text.HAL_UART_MspInit
                0x0000000008000c3c       0x90 ./Core/Src/stm32f4xx_hal_msp.o
                0x0000000008000c3c                HAL_UART_MspInit
 .text.NMI_Handler
                0x0000000008000ccc        0x6 ./Core/Src/stm32f4xx_it.o
                0x0000000008000ccc                NMI_Handler
 .text.HardFault_Handler
                0x0000000008000cd2        0x6 ./Core/Src/stm32f4xx_it.o
                0x0000000008000cd2                HardFault_Handler
 .text.MemManage_Handler
                0x0000000008000cd8        0x6 ./Core/Src/stm32f4xx_it.o
                0x0000000008000cd8                MemManage_Handler
 .text.BusFault_Handler
                0x0000000008000cde        0x6 ./Core/Src/stm32f4xx_it.o
                0x0000000008000cde                BusFault_Handler
 .text.UsageFault_Handler
                0x0000000008000ce4        0x6 ./Core/Src/stm32f4xx_it.o
                0x0000000008000ce4                UsageFault_Handler
 .text.SVC_Handler
                0x0000000008000cea        0xe ./Core/Src/stm32f4xx_it.o
                0x0000000008000cea                SVC_Handler
 .text.DebugMon_Handler
                0x0000000008000cf8        0xe ./Core/Src/stm32f4xx_it.o
                0x0000000008000cf8                DebugMon_Handler
 .text.PendSV_Handler
                0x0000000008000d06        0xe ./Core/Src/stm32f4xx_it.o
                0x0000000008000d06                PendSV_Handler
 .text.SysTick_Handler
                0x0000000008000d14        0xc ./Core/Src/stm32f4xx_it.o
                0x0000000008000d14                SysTick_Handler
 .text.EXTI15_10_IRQHandler
                0x0000000008000d20       0x10 ./Core/Src/stm32f4xx_it.o
                0x0000000008000d20                EXTI15_10_IRQHandler
 .text.OTG_FS_IRQHandler
                0x0000000008000d30       0x14 ./Core/Src/stm32f4xx_it.o
                0x0000000008000d30                OTG_FS_IRQHandler
 .text.OTG_HS_IRQHandler
                0x0000000008000d44       0x14 ./Core/Src/stm32f4xx_it.o
                0x0000000008000d44                OTG_HS_IRQHandler
 .text._sbrk    0x0000000008000d58       0x6c ./Core/Src/sysmem.o
                0x0000000008000d58                _sbrk
 .text.SystemInit
                0x0000000008000dc4       0x24 ./Core/Src/system_stm32f4xx.o
                0x0000000008000dc4                SystemInit
 .text.Reset_Handler
                0x0000000008000de8       0x50 ./Core/Startup/startup_stm32f446retx.o
                0x0000000008000de8                Reset_Handler
 .text.Default_Handler
                0x0000000008000e38        0x2 ./Core/Startup/startup_stm32f446retx.o
                0x0000000008000e38                RTC_Alarm_IRQHandler
                0x0000000008000e38                EXTI2_IRQHandler
                0x0000000008000e38                TIM8_CC_IRQHandler
                0x0000000008000e38                FMPI2C1_EV_IRQHandler
                0x0000000008000e38                SPI4_IRQHandler
                0x0000000008000e38                TIM1_CC_IRQHandler
                0x0000000008000e38                DMA2_Stream5_IRQHandler
                0x0000000008000e38                DMA1_Stream5_IRQHandler
                0x0000000008000e38                PVD_IRQHandler
                0x0000000008000e38                SDIO_IRQHandler
                0x0000000008000e38                TAMP_STAMP_IRQHandler
                0x0000000008000e38                CAN2_RX1_IRQHandler
                0x0000000008000e38                EXTI3_IRQHandler
                0x0000000008000e38                TIM8_TRG_COM_TIM14_IRQHandler
                0x0000000008000e38                TIM1_UP_TIM10_IRQHandler
                0x0000000008000e38                TIM8_UP_TIM13_IRQHandler
                0x0000000008000e38                I2C3_ER_IRQHandler
                0x0000000008000e38                EXTI0_IRQHandler
                0x0000000008000e38                I2C2_EV_IRQHandler
                0x0000000008000e38                DMA1_Stream2_IRQHandler
                0x0000000008000e38                CAN1_RX0_IRQHandler
                0x0000000008000e38                FPU_IRQHandler
                0x0000000008000e38                OTG_HS_WKUP_IRQHandler
                0x0000000008000e38                CAN2_SCE_IRQHandler
                0x0000000008000e38                DMA2_Stream2_IRQHandler
                0x0000000008000e38                SPI1_IRQHandler
                0x0000000008000e38                TIM6_DAC_IRQHandler
                0x0000000008000e38                TIM1_BRK_TIM9_IRQHandler
                0x0000000008000e38                DCMI_IRQHandler
                0x0000000008000e38                CAN2_RX0_IRQHandler
                0x0000000008000e38                DMA2_Stream3_IRQHandler
                0x0000000008000e38                SAI2_IRQHandler
                0x0000000008000e38                USART6_IRQHandler
                0x0000000008000e38                USART3_IRQHandler
                0x0000000008000e38                CAN1_RX1_IRQHandler
                0x0000000008000e38                UART5_IRQHandler
                0x0000000008000e38                DMA2_Stream0_IRQHandler
                0x0000000008000e38                TIM4_IRQHandler
                0x0000000008000e38                QUADSPI_IRQHandler
                0x0000000008000e38                I2C1_EV_IRQHandler
                0x0000000008000e38                DMA1_Stream6_IRQHandler
                0x0000000008000e38                DMA1_Stream1_IRQHandler
                0x0000000008000e38                UART4_IRQHandler
                0x0000000008000e38                TIM3_IRQHandler
                0x0000000008000e38                RCC_IRQHandler
                0x0000000008000e38                TIM8_BRK_TIM12_IRQHandler
                0x0000000008000e38                Default_Handler
                0x0000000008000e38                CEC_IRQHandler
                0x0000000008000e38                ADC_IRQHandler
                0x0000000008000e38                DMA1_Stream7_IRQHandler
                0x0000000008000e38                TIM7_IRQHandler
                0x0000000008000e38                CAN2_TX_IRQHandler
                0x0000000008000e38                TIM5_IRQHandler
                0x0000000008000e38                DMA2_Stream7_IRQHandler
                0x0000000008000e38                I2C3_EV_IRQHandler
                0x0000000008000e38                EXTI9_5_IRQHandler
                0x0000000008000e38                RTC_WKUP_IRQHandler
                0x0000000008000e38                SPDIF_RX_IRQHandler
                0x0000000008000e38                SPI2_IRQHandler
                0x0000000008000e38                OTG_HS_EP1_IN_IRQHandler
                0x0000000008000e38                DMA1_Stream0_IRQHandler
                0x0000000008000e38                CAN1_TX_IRQHandler
                0x0000000008000e38                FMPI2C1_ER_IRQHandler
                0x0000000008000e38                EXTI4_IRQHandler
                0x0000000008000e38                OTG_HS_EP1_OUT_IRQHandler
                0x0000000008000e38                WWDG_IRQHandler
                0x0000000008000e38                TIM2_IRQHandler
                0x0000000008000e38                OTG_FS_WKUP_IRQHandler
                0x0000000008000e38                TIM1_TRG_COM_TIM11_IRQHandler
                0x0000000008000e38                EXTI1_IRQHandler
                0x0000000008000e38                USART2_IRQHandler
                0x0000000008000e38                I2C2_ER_IRQHandler
                0x0000000008000e38                DMA2_Stream1_IRQHandler
                0x0000000008000e38                CAN1_SCE_IRQHandler
                0x0000000008000e38                FLASH_IRQHandler
                0x0000000008000e38                DMA2_Stream4_IRQHandler
                0x0000000008000e38                USART1_IRQHandler
                0x0000000008000e38                SPI3_IRQHandler
                0x0000000008000e38                DMA1_Stream4_IRQHandler
                0x0000000008000e38                I2C1_ER_IRQHandler
                0x0000000008000e38                FMC_IRQHandler
                0x0000000008000e38                DMA2_Stream6_IRQHandler
                0x0000000008000e38                SAI1_IRQHandler
                0x0000000008000e38                DMA1_Stream3_IRQHandler
 *fill*         0x0000000008000e3a        0x2 
 .text.HAL_Init
                0x0000000008000e3c       0x44 ./Drivers/STM32F4xx_HAL_Driver/Src/stm32f4xx_hal.o
                0x0000000008000e3c                HAL_Init
 .text.HAL_InitTick
                0x0000000008000e80       0x60 ./Drivers/STM32F4xx_HAL_Driver/Src/stm32f4xx_hal.o
                0x0000000008000e80                HAL_InitTick
 .text.HAL_IncTick
                0x0000000008000ee0       0x28 ./Drivers/STM32F4xx_HAL_Driver/Src/stm32f4xx_hal.o
                0x0000000008000ee0                HAL_IncTick
 .text.HAL_GetTick
                0x0000000008000f08       0x18 ./Drivers/STM32F4xx_HAL_Driver/Src/stm32f4xx_hal.o
                0x0000000008000f08                HAL_GetTick
 .text.HAL_Delay
                0x0000000008000f20       0x48 ./Drivers/STM32F4xx_HAL_Driver/Src/stm32f4xx_hal.o
                0x0000000008000f20                HAL_Delay
 .text.__NVIC_SetPriorityGrouping
                0x0000000008000f68       0x48 ./Drivers/STM32F4xx_HAL_Driver/Src/stm32f4xx_hal_cortex.o
 .text.__NVIC_GetPriorityGrouping
                0x0000000008000fb0       0x1c ./Drivers/STM32F4xx_HAL_Driver/Src/stm32f4xx_hal_cortex.o
 .text.__NVIC_EnableIRQ
                0x0000000008000fcc       0x3c ./Drivers/STM32F4xx_HAL_Driver/Src/stm32f4xx_hal_cortex.o
 .text.__NVIC_SetPriority
                0x0000000008001008       0x54 ./Drivers/STM32F4xx_HAL_Driver/Src/stm32f4xx_hal_cortex.o
 .text.NVIC_EncodePriority
                0x000000000800105c       0x66 ./Drivers/STM32F4xx_HAL_Driver/Src/stm32f4xx_hal_cortex.o
 *fill*         0x00000000080010c2        0x2 
 .text.SysTick_Config
                0x00000000080010c4       0x44 ./Drivers/STM32F4xx_HAL_Driver/Src/stm32f4xx_hal_cortex.o
 .text.HAL_NVIC_SetPriorityGrouping
                0x0000000008001108       0x16 ./Drivers/STM32F4xx_HAL_Driver/Src/stm32f4xx_hal_cortex.o
                0x0000000008001108                HAL_NVIC_SetPriorityGrouping
 .text.HAL_NVIC_SetPriority
                0x000000000800111e       0x38 ./Drivers/STM32F4xx_HAL_Driver/Src/stm32f4xx_hal_cortex.o
                0x000000000800111e                HAL_NVIC_SetPriority
 .text.HAL_NVIC_EnableIRQ
                0x0000000008001156       0x1c ./Drivers/STM32F4xx_HAL_Driver/Src/stm32f4xx_hal_cortex.o
                0x0000000008001156                HAL_NVIC_EnableIRQ
 .text.HAL_SYSTICK_Config
                0x0000000008001172       0x18 ./Drivers/STM32F4xx_HAL_Driver/Src/stm32f4xx_hal_cortex.o
                0x0000000008001172                HAL_SYSTICK_Config
 *fill*         0x000000000800118a        0x2 
 .text.HAL_GPIO_Init
                0x000000000800118c      0x328 ./Drivers/STM32F4xx_HAL_Driver/Src/stm32f4xx_hal_gpio.o
                0x000000000800118c                HAL_GPIO_Init
 .text.HAL_GPIO_ReadPin
                0x00000000080014b4       0x30 ./Drivers/STM32F4xx_HAL_Driver/Src/stm32f4xx_hal_gpio.o
                0x00000000080014b4                HAL_GPIO_ReadPin
 .text.HAL_GPIO_WritePin
                0x00000000080014e4       0x32 ./Drivers/STM32F4xx_HAL_Driver/Src/stm32f4xx_hal_gpio.o
                0x00000000080014e4                HAL_GPIO_WritePin
 .text.HAL_GPIO_TogglePin
                0x0000000008001516       0x34 ./Drivers/STM32F4xx_HAL_Driver/Src/stm32f4xx_hal_gpio.o
                0x0000000008001516                HAL_GPIO_TogglePin
 *fill*         0x000000000800154a        0x2 
 .text.HAL_GPIO_EXTI_IRQHandler
                0x000000000800154c       0x30 ./Drivers/STM32F4xx_HAL_Driver/Src/stm32f4xx_hal_gpio.o
                0x000000000800154c                HAL_GPIO_EXTI_IRQHandler
 .text.HAL_HCD_Init
                0x000000000800157c       0xc4 ./Drivers/STM32F4xx_HAL_Driver/Src/stm32f4xx_hal_hcd.o
                0x000000000800157c                HAL_HCD_Init
 .text.HAL_HCD_HC_Init
                0x0000000008001640      0x11e ./Drivers/STM32F4xx_HAL_Driver/Src/stm32f4xx_hal_hcd.o
                0x0000000008001640                HAL_HCD_HC_Init
 .text.HAL_HCD_HC_Halt
                0x000000000800175e       0x46 ./Drivers/STM32F4xx_HAL_Driver/Src/stm32f4xx_hal_hcd.o
                0x000000000800175e                HAL_HCD_HC_Halt
 .text.HAL_HCD_HC_SubmitRequest
                0x00000000080017a4      0x2ac ./Drivers/STM32F4xx_HAL_Driver/Src/stm32f4xx_hal_hcd.o
                0x00000000080017a4                HAL_HCD_HC_SubmitRequest
 .text.HAL_HCD_IRQHandler
                0x0000000008001a50      0x216 ./Drivers/STM32F4xx_HAL_Driver/Src/stm32f4xx_hal_hcd.o
                0x0000000008001a50                HAL_HCD_IRQHandler
 .text.HAL_HCD_Start
                0x0000000008001c66       0x46 ./Drivers/STM32F4xx_HAL_Driver/Src/stm32f4xx_hal_hcd.o
                0x0000000008001c66                HAL_HCD_Start
 .text.HAL_HCD_Stop
                0x0000000008001cac       0x3a ./Drivers/STM32F4xx_HAL_Driver/Src/stm32f4xx_hal_hcd.o
                0x0000000008001cac                HAL_HCD_Stop
 .text.HAL_HCD_ResetPort
                0x0000000008001ce6       0x1c ./Drivers/STM32F4xx_HAL_Driver/Src/stm32f4xx_hal_hcd.o
                0x0000000008001ce6                HAL_HCD_ResetPort
 .text.HAL_HCD_HC_GetURBState
                0x0000000008001d02       0x28 ./Drivers/STM32F4xx_HAL_Driver/Src/stm32f4xx_hal_hcd.o
                0x0000000008001d02                HAL_HCD_HC_GetURBState
 .text.HAL_HCD_HC_GetXferCount
                0x0000000008001d2a       0x28 ./Drivers/STM32F4xx_HAL_Driver/Src/stm32f4xx_hal_hcd.o
                0x0000000008001d2a                HAL_HCD_HC_GetXferCount
 .text.HAL_HCD_GetCurrentFrame
                0x0000000008001d52       0x1c ./Drivers/STM32F4xx_HAL_Driver/Src/stm32f4xx_hal_hcd.o
                0x0000000008001d52                HAL_HCD_GetCurrentFrame
 .text.HAL_HCD_GetCurrentSpeed
                0x0000000008001d6e       0x1c ./Drivers/STM32F4xx_HAL_Driver/Src/stm32f4xx_hal_hcd.o
                0x0000000008001d6e                HAL_HCD_GetCurrentSpeed
 .text.HCD_HC_IN_IRQHandler
                0x0000000008001d8a      0x6aa ./Drivers/STM32F4xx_HAL_Driver/Src/stm32f4xx_hal_hcd.o
 .text.HCD_HC_OUT_IRQHandler
                0x0000000008002434      0x6d2 ./Drivers/STM32F4xx_HAL_Driver/Src/stm32f4xx_hal_hcd.o
 .text.HCD_RXQLVL_IRQHandler
                0x0000000008002b06      0x1a4 ./Drivers/STM32F4xx_HAL_Driver/Src/stm32f4xx_hal_hcd.o
 .text.HCD_Port_IRQHandler
                0x0000000008002caa       0xe6 ./Drivers/STM32F4xx_HAL_Driver/Src/stm32f4xx_hal_hcd.o
 .text.HAL_PCD_Init
                0x0000000008002d90      0x248 ./Drivers/STM32F4xx_HAL_Driver/Src/stm32f4xx_hal_pcd.o
                0x0000000008002d90                HAL_PCD_Init
 .text.HAL_PCD_Start
                0x0000000008002fd8       0x66 ./Drivers/STM32F4xx_HAL_Driver/Src/stm32f4xx_hal_pcd.o
                0x0000000008002fd8                HAL_PCD_Start
 .text.HAL_PCD_IRQHandler
                0x000000000800303e      0x998 ./Drivers/STM32F4xx_HAL_Driver/Src/stm32f4xx_hal_pcd.o
                0x000000000800303e                HAL_PCD_IRQHandler
 .text.HAL_PCD_SetAddress
                0x00000000080039d6       0x4a ./Drivers/STM32F4xx_HAL_Driver/Src/stm32f4xx_hal_pcd.o
                0x00000000080039d6                HAL_PCD_SetAddress
 .text.HAL_PCD_EP_Open
                0x0000000008003a20       0xd0 ./Drivers/STM32F4xx_HAL_Driver/Src/stm32f4xx_hal_pcd.o
                0x0000000008003a20                HAL_PCD_EP_Open
 .text.HAL_PCD_EP_Close
                0x0000000008003af0       0x94 ./Drivers/STM32F4xx_HAL_Driver/Src/stm32f4xx_hal_pcd.o
                0x0000000008003af0                HAL_PCD_EP_Close
 .text.HAL_PCD_EP_Receive
                0x0000000008003b84       0x96 ./Drivers/STM32F4xx_HAL_Driver/Src/stm32f4xx_hal_pcd.o
                0x0000000008003b84                HAL_PCD_EP_Receive
 .text.HAL_PCD_EP_Transmit
                0x0000000008003c1a       0x94 ./Drivers/STM32F4xx_HAL_Driver/Src/stm32f4xx_hal_pcd.o
                0x0000000008003c1a                HAL_PCD_EP_Transmit
 .text.HAL_PCD_EP_SetStall
                0x0000000008003cae       0xc8 ./Drivers/STM32F4xx_HAL_Driver/Src/stm32f4xx_hal_pcd.o
                0x0000000008003cae                HAL_PCD_EP_SetStall
 .text.HAL_PCD_EP_ClrStall
                0x0000000008003d76       0xac ./Drivers/STM32F4xx_HAL_Driver/Src/stm32f4xx_hal_pcd.o
                0x0000000008003d76                HAL_PCD_EP_ClrStall
 .text.HAL_PCD_EP_Abort
                0x0000000008003e22       0x62 ./Drivers/STM32F4xx_HAL_Driver/Src/stm32f4xx_hal_pcd.o
                0x0000000008003e22                HAL_PCD_EP_Abort
 .text.PCD_WriteEmptyTxFifo
                0x0000000008003e84      0x11a ./Drivers/STM32F4xx_HAL_Driver/Src/stm32f4xx_hal_pcd.o
 *fill*         0x0000000008003f9e        0x2 
 .text.PCD_EP_OutXfrComplete_int
                0x0000000008003fa0      0x1d0 ./Drivers/STM32F4xx_HAL_Driver/Src/stm32f4xx_hal_pcd.o
 .text.PCD_EP_OutSetupPacket_int
                0x0000000008004170       0x8c ./Drivers/STM32F4xx_HAL_Driver/Src/stm32f4xx_hal_pcd.o
 .text.HAL_PCDEx_SetTxFiFo
                0x00000000080041fc       0x8e ./Drivers/STM32F4xx_HAL_Driver/Src/stm32f4xx_hal_pcd_ex.o
                0x00000000080041fc                HAL_PCDEx_SetTxFiFo
 .text.HAL_PCDEx_SetRxFiFo
                0x000000000800428a       0x22 ./Drivers/STM32F4xx_HAL_Driver/Src/stm32f4xx_hal_pcd_ex.o
                0x000000000800428a                HAL_PCDEx_SetRxFiFo
 .text.HAL_PCDEx_ActivateLPM
                0x00000000080042ac       0x48 ./Drivers/STM32F4xx_HAL_Driver/Src/stm32f4xx_hal_pcd_ex.o
                0x00000000080042ac                HAL_PCDEx_ActivateLPM
 .text.HAL_RCC_ClockConfig
                0x00000000080042f4      0x1cc ./Drivers/STM32F4xx_HAL_Driver/Src/stm32f4xx_hal_rcc.o
                0x00000000080042f4                HAL_RCC_ClockConfig
 .text.HAL_RCC_GetHCLKFreq
                0x00000000080044c0       0x18 ./Drivers/STM32F4xx_HAL_Driver/Src/stm32f4xx_hal_rcc.o
                0x00000000080044c0                HAL_RCC_GetHCLKFreq
 .text.HAL_RCC_GetPCLK1Freq
                0x00000000080044d8       0x28 ./Drivers/STM32F4xx_HAL_Driver/Src/stm32f4xx_hal_rcc.o
                0x00000000080044d8                HAL_RCC_GetPCLK1Freq
 .text.HAL_RCC_GetPCLK2Freq
                0x0000000008004500       0x28 ./Drivers/STM32F4xx_HAL_Driver/Src/stm32f4xx_hal_rcc.o
                0x0000000008004500                HAL_RCC_GetPCLK2Freq
 .text.HAL_RCCEx_PeriphCLKConfig
                0x0000000008004528      0x654 ./Drivers/STM32F4xx_HAL_Driver/Src/stm32f4xx_hal_rcc_ex.o
                0x0000000008004528                HAL_RCCEx_PeriphCLKConfig
 .text.HAL_RCC_GetSysClockFreq
                0x0000000008004b7c      0x460 ./Drivers/STM32F4xx_HAL_Driver/Src/stm32f4xx_hal_rcc_ex.o
                0x0000000008004b7c                HAL_RCC_GetSysClockFreq
 .text.HAL_RCC_OscConfig
                0x0000000008004fdc      0x53c ./Drivers/STM32F4xx_HAL_Driver/Src/stm32f4xx_hal_rcc_ex.o
                0x0000000008004fdc                HAL_RCC_OscConfig
 .text.HAL_UART_Init
                0x0000000008005518       0x9a ./Drivers/STM32F4xx_HAL_Driver/Src/stm32f4xx_hal_uart.o
                0x0000000008005518                HAL_UART_Init
 .text.HAL_UART_Transmit
                0x00000000080055b2      0x124 ./Drivers/STM32F4xx_HAL_Driver/Src/stm32f4xx_hal_uart.o
                0x00000000080055b2                HAL_UART_Transmit
 .text.UART_WaitOnFlagUntilTimeout
                0x00000000080056d6       0xdc ./Drivers/STM32F4xx_HAL_Driver/Src/stm32f4xx_hal_uart.o
 *fill*         0x00000000080057b2        0x2 
 .text.UART_SetConfig
                0x00000000080057b4      0x4e8 ./Drivers/STM32F4xx_HAL_Driver/Src/stm32f4xx_hal_uart.o
 .text.USB_CoreInit
                0x0000000008005c9c       0xc2 ./Drivers/STM32F4xx_HAL_Driver/Src/stm32f4xx_ll_usb.o
                0x0000000008005c9c                USB_CoreInit
 *fill*         0x0000000008005d5e        0x2 
 .text.USB_SetTurnaroundTime
                0x0000000008005d60      0x144 ./Drivers/STM32F4xx_HAL_Driver/Src/stm32f4xx_ll_usb.o
                0x0000000008005d60                USB_SetTurnaroundTime
 .text.USB_EnableGlobalInt
                0x0000000008005ea4       0x22 ./Drivers/STM32F4xx_HAL_Driver/Src/stm32f4xx_ll_usb.o
                0x0000000008005ea4                USB_EnableGlobalInt
 .text.USB_DisableGlobalInt
                0x0000000008005ec6       0x22 ./Drivers/STM32F4xx_HAL_Driver/Src/stm32f4xx_ll_usb.o
                0x0000000008005ec6                USB_DisableGlobalInt
 .text.USB_SetCurrentMode
                0x0000000008005ee8       0x98 ./Drivers/STM32F4xx_HAL_Driver/Src/stm32f4xx_ll_usb.o
                0x0000000008005ee8                USB_SetCurrentMode
 .text.USB_DevInit
                0x0000000008005f80      0x2bc ./Drivers/STM32F4xx_HAL_Driver/Src/stm32f4xx_ll_usb.o
                0x0000000008005f80                USB_DevInit
 .text.USB_FlushTxFifo
                0x000000000800623c       0x68 ./Drivers/STM32F4xx_HAL_Driver/Src/stm32f4xx_ll_usb.o
                0x000000000800623c                USB_FlushTxFifo
 .text.USB_FlushRxFifo
                0x00000000080062a4       0x60 ./Drivers/STM32F4xx_HAL_Driver/Src/stm32f4xx_ll_usb.o
                0x00000000080062a4                USB_FlushRxFifo
 .text.USB_SetDevSpeed
                0x0000000008006304       0x32 ./Drivers/STM32F4xx_HAL_Driver/Src/stm32f4xx_ll_usb.o
                0x0000000008006304                USB_SetDevSpeed
 .text.USB_GetDevSpeed
                0x0000000008006336       0x4a ./Drivers/STM32F4xx_HAL_Driver/Src/stm32f4xx_ll_usb.o
                0x0000000008006336                USB_GetDevSpeed
 .text.USB_ActivateEndpoint
                0x0000000008006380      0x10e ./Drivers/STM32F4xx_HAL_Driver/Src/stm32f4xx_ll_usb.o
                0x0000000008006380                USB_ActivateEndpoint
 *fill*         0x000000000800648e        0x2 
 .text.USB_DeactivateEndpoint
                0x0000000008006490      0x1b8 ./Drivers/STM32F4xx_HAL_Driver/Src/stm32f4xx_ll_usb.o
                0x0000000008006490                USB_DeactivateEndpoint
 .text.USB_EPStartXfer
                0x0000000008006648      0x490 ./Drivers/STM32F4xx_HAL_Driver/Src/stm32f4xx_ll_usb.o
                0x0000000008006648                USB_EPStartXfer
 .text.USB_EP0StartXfer
                0x0000000008006ad8      0x2b0 ./Drivers/STM32F4xx_HAL_Driver/Src/stm32f4xx_ll_usb.o
                0x0000000008006ad8                USB_EP0StartXfer
 .text.USB_EPStopXfer
                0x0000000008006d88      0x154 ./Drivers/STM32F4xx_HAL_Driver/Src/stm32f4xx_ll_usb.o
                0x0000000008006d88                USB_EPStopXfer
 .text.USB_WritePacket
                0x0000000008006edc       0x7c ./Drivers/STM32F4xx_HAL_Driver/Src/stm32f4xx_ll_usb.o
                0x0000000008006edc                USB_WritePacket
 .text.USB_ReadPacket
                0x0000000008006f58       0xb0 ./Drivers/STM32F4xx_HAL_Driver/Src/stm32f4xx_ll_usb.o
                0x0000000008006f58                USB_ReadPacket
 .text.USB_EPSetStall
                0x0000000008007008       0xdc ./Drivers/STM32F4xx_HAL_Driver/Src/stm32f4xx_ll_usb.o
                0x0000000008007008                USB_EPSetStall
 .text.USB_EPClearStall
                0x00000000080070e4       0xcc ./Drivers/STM32F4xx_HAL_Driver/Src/stm32f4xx_ll_usb.o
                0x00000000080070e4                USB_EPClearStall
 .text.USB_SetDevAddress
                0x00000000080071b0       0x4c ./Drivers/STM32F4xx_HAL_Driver/Src/stm32f4xx_ll_usb.o
                0x00000000080071b0                USB_SetDevAddress
 .text.USB_DevConnect
                0x00000000080071fc       0x42 ./Drivers/STM32F4xx_HAL_Driver/Src/stm32f4xx_ll_usb.o
                0x00000000080071fc                USB_DevConnect
 .text.USB_DevDisconnect
                0x000000000800723e       0x42 ./Drivers/STM32F4xx_HAL_Driver/Src/stm32f4xx_ll_usb.o
                0x000000000800723e                USB_DevDisconnect
 .text.USB_ReadInterrupts
                0x0000000008007280       0x26 ./Drivers/STM32F4xx_HAL_Driver/Src/stm32f4xx_ll_usb.o
                0x0000000008007280                USB_ReadInterrupts
 .text.USB_ReadDevAllOutEpInterrupt
                0x00000000080072a6       0x34 ./Drivers/STM32F4xx_HAL_Driver/Src/stm32f4xx_ll_usb.o
                0x00000000080072a6                USB_ReadDevAllOutEpInterrupt
 .text.USB_ReadDevAllInEpInterrupt
                0x00000000080072da       0x34 ./Drivers/STM32F4xx_HAL_Driver/Src/stm32f4xx_ll_usb.o
                0x00000000080072da                USB_ReadDevAllInEpInterrupt
 .text.USB_ReadDevOutEPInterrupt
                0x000000000800730e       0x3c ./Drivers/STM32F4xx_HAL_Driver/Src/stm32f4xx_ll_usb.o
                0x000000000800730e                USB_ReadDevOutEPInterrupt
 .text.USB_ReadDevInEPInterrupt
                0x000000000800734a       0x5c ./Drivers/STM32F4xx_HAL_Driver/Src/stm32f4xx_ll_usb.o
                0x000000000800734a                USB_ReadDevInEPInterrupt
 .text.USB_GetMode
                0x00000000080073a6       0x1c ./Drivers/STM32F4xx_HAL_Driver/Src/stm32f4xx_ll_usb.o
                0x00000000080073a6                USB_GetMode
 .text.USB_ActivateSetup
                0x00000000080073c2       0x46 ./Drivers/STM32F4xx_HAL_Driver/Src/stm32f4xx_ll_usb.o
                0x00000000080073c2                USB_ActivateSetup
 .text.USB_EP0_OutStart
                0x0000000008007408       0xbc ./Drivers/STM32F4xx_HAL_Driver/Src/stm32f4xx_ll_usb.o
                0x0000000008007408                USB_EP0_OutStart
 .text.USB_CoreReset
                0x00000000080074c4       0x68 ./Drivers/STM32F4xx_HAL_Driver/Src/stm32f4xx_ll_usb.o
 .text.USB_HostInit
                0x000000000800752c      0x168 ./Drivers/STM32F4xx_HAL_Driver/Src/stm32f4xx_ll_usb.o
                0x000000000800752c                USB_HostInit
 .text.USB_InitFSLSPClkSel
                0x0000000008007694       0x74 ./Drivers/STM32F4xx_HAL_Driver/Src/stm32f4xx_ll_usb.o
                0x0000000008007694                USB_InitFSLSPClkSel
 .text.USB_ResetPort
                0x0000000008007708       0x54 ./Drivers/STM32F4xx_HAL_Driver/Src/stm32f4xx_ll_usb.o
                0x0000000008007708                USB_ResetPort
 .text.USB_DriveVbus
                0x000000000800775c       0x72 ./Drivers/STM32F4xx_HAL_Driver/Src/stm32f4xx_ll_usb.o
                0x000000000800775c                USB_DriveVbus
 .text.USB_GetHostSpeed
                0x00000000080077ce       0x2e ./Drivers/STM32F4xx_HAL_Driver/Src/stm32f4xx_ll_usb.o
                0x00000000080077ce                USB_GetHostSpeed
 .text.USB_GetCurrentFrame
                0x00000000080077fc       0x22 ./Drivers/STM32F4xx_HAL_Driver/Src/stm32f4xx_ll_usb.o
                0x00000000080077fc                USB_GetCurrentFrame
 *fill*         0x000000000800781e        0x2 
 .text.USB_HC_Init
                0x0000000008007820      0x244 ./Drivers/STM32F4xx_HAL_Driver/Src/stm32f4xx_ll_usb.o
                0x0000000008007820                USB_HC_Init
 .text.USB_HC_StartXfer
                0x0000000008007a64      0x284 ./Drivers/STM32F4xx_HAL_Driver/Src/stm32f4xx_ll_usb.o
                0x0000000008007a64                USB_HC_StartXfer
 .text.USB_HC_ReadInterrupt
                0x0000000008007ce8       0x22 ./Drivers/STM32F4xx_HAL_Driver/Src/stm32f4xx_ll_usb.o
                0x0000000008007ce8                USB_HC_ReadInterrupt
 .text.USB_HC_Halt
                0x0000000008007d0a      0x1f8 ./Drivers/STM32F4xx_HAL_Driver/Src/stm32f4xx_ll_usb.o
                0x0000000008007d0a                USB_HC_Halt
 *fill*         0x0000000008007f02        0x2 
 .text.USB_DoPing
                0x0000000008007f04       0x78 ./Drivers/STM32F4xx_HAL_Driver/Src/stm32f4xx_ll_usb.o
                0x0000000008007f04                USB_DoPing
 .text.USB_StopHost
                0x0000000008007f7c      0x124 ./Drivers/STM32F4xx_HAL_Driver/Src/stm32f4xx_ll_usb.o
                0x0000000008007f7c                USB_StopHost
 .text.USBD_HID_Init
                0x00000000080080a0       0xcc ./Middlewares/ST/STM32_USB_Device_Library/Class/HID/Src/usbd_hid.o
 .text.USBD_HID_DeInit
                0x000000000800816c       0x90 ./Middlewares/ST/STM32_USB_Device_Library/Class/HID/Src/usbd_hid.o
 .text.USBD_HID_Setup
                0x00000000080081fc      0x210 ./Middlewares/ST/STM32_USB_Device_Library/Class/HID/Src/usbd_hid.o
 .text.USBD_HID_SendReport
                0x000000000800840c       0x60 ./Middlewares/ST/STM32_USB_Device_Library/Class/HID/Src/usbd_hid.o
                0x000000000800840c                USBD_HID_SendReport
 .text.USBD_HID_GetFSCfgDesc
                0x000000000800846c       0x34 ./Middlewares/ST/STM32_USB_Device_Library/Class/HID/Src/usbd_hid.o
 .text.USBD_HID_GetHSCfgDesc
                0x00000000080084a0       0x34 ./Middlewares/ST/STM32_USB_Device_Library/Class/HID/Src/usbd_hid.o
 .text.USBD_HID_GetOtherSpeedCfgDesc
                0x00000000080084d4       0x34 ./Middlewares/ST/STM32_USB_Device_Library/Class/HID/Src/usbd_hid.o
 .text.USBD_HID_DataIn
                0x0000000008008508       0x2c ./Middlewares/ST/STM32_USB_Device_Library/Class/HID/Src/usbd_hid.o
 .text.USBD_HID_GetDeviceQualifierDesc
                0x0000000008008534       0x20 ./Middlewares/ST/STM32_USB_Device_Library/Class/HID/Src/usbd_hid.o
 .text.USBD_Init
                0x0000000008008554       0x60 ./Middlewares/ST/STM32_USB_Device_Library/Core/Src/usbd_core.o
                0x0000000008008554                USBD_Init
 .text.USBD_RegisterClass
                0x00000000080085b4       0x6c ./Middlewares/ST/STM32_USB_Device_Library/Core/Src/usbd_core.o
                0x00000000080085b4                USBD_RegisterClass
 .text.USBD_Start
                0x0000000008008620       0x18 ./Middlewares/ST/STM32_USB_Device_Library/Core/Src/usbd_core.o
                0x0000000008008620                USBD_Start
 .text.USBD_RunTestMode
                0x0000000008008638       0x16 ./Middlewares/ST/STM32_USB_Device_Library/Core/Src/usbd_core.o
                0x0000000008008638                USBD_RunTestMode
 .text.USBD_SetClassConfig
                0x000000000800864e       0x38 ./Middlewares/ST/STM32_USB_Device_Library/Core/Src/usbd_core.o
                0x000000000800864e                USBD_SetClassConfig
 .text.USBD_ClrClassConfig
                0x0000000008008686       0x34 ./Middlewares/ST/STM32_USB_Device_Library/Core/Src/usbd_core.o
                0x0000000008008686                USBD_ClrClassConfig
 .text.USBD_LL_SetupStage
                0x00000000080086ba       0xaa ./Middlewares/ST/STM32_USB_Device_Library/Core/Src/usbd_core.o
                0x00000000080086ba                USBD_LL_SetupStage
 .text.USBD_LL_DataOutStage
                0x0000000008008764      0x166 ./Middlewares/ST/STM32_USB_Device_Library/Core/Src/usbd_core.o
                0x0000000008008764                USBD_LL_DataOutStage
 .text.USBD_LL_DataInStage
                0x00000000080088ca      0x164 ./Middlewares/ST/STM32_USB_Device_Library/Core/Src/usbd_core.o
                0x00000000080088ca                USBD_LL_DataInStage
 .text.USBD_LL_Reset
                0x0000000008008a2e       0xa4 ./Middlewares/ST/STM32_USB_Device_Library/Core/Src/usbd_core.o
                0x0000000008008a2e                USBD_LL_Reset
 .text.USBD_LL_SetSpeed
                0x0000000008008ad2       0x20 ./Middlewares/ST/STM32_USB_Device_Library/Core/Src/usbd_core.o
                0x0000000008008ad2                USBD_LL_SetSpeed
 .text.USBD_LL_Suspend
                0x0000000008008af2       0x2c ./Middlewares/ST/STM32_USB_Device_Library/Core/Src/usbd_core.o
                0x0000000008008af2                USBD_LL_Suspend
 .text.USBD_LL_Resume
                0x0000000008008b1e       0x30 ./Middlewares/ST/STM32_USB_Device_Library/Core/Src/usbd_core.o
                0x0000000008008b1e                USBD_LL_Resume
 .text.USBD_LL_SOF
                0x0000000008008b4e       0x40 ./Middlewares/ST/STM32_USB_Device_Library/Core/Src/usbd_core.o
                0x0000000008008b4e                USBD_LL_SOF
 .text.USBD_LL_IsoINIncomplete
                0x0000000008008b8e       0x64 ./Middlewares/ST/STM32_USB_Device_Library/Core/Src/usbd_core.o
                0x0000000008008b8e                USBD_LL_IsoINIncomplete
 .text.USBD_LL_IsoOUTIncomplete
                0x0000000008008bf2       0x64 ./Middlewares/ST/STM32_USB_Device_Library/Core/Src/usbd_core.o
                0x0000000008008bf2                USBD_LL_IsoOUTIncomplete
 .text.USBD_LL_DevConnected
                0x0000000008008c56       0x16 ./Middlewares/ST/STM32_USB_Device_Library/Core/Src/usbd_core.o
                0x0000000008008c56                USBD_LL_DevConnected
 .text.USBD_LL_DevDisconnected
                0x0000000008008c6c       0x46 ./Middlewares/ST/STM32_USB_Device_Library/Core/Src/usbd_core.o
                0x0000000008008c6c                USBD_LL_DevDisconnected
 .text.USBD_CoreFindIF
                0x0000000008008cb2       0x1a ./Middlewares/ST/STM32_USB_Device_Library/Core/Src/usbd_core.o
                0x0000000008008cb2                USBD_CoreFindIF
 .text.USBD_CoreFindEP
                0x0000000008008ccc       0x1a ./Middlewares/ST/STM32_USB_Device_Library/Core/Src/usbd_core.o
                0x0000000008008ccc                USBD_CoreFindEP
 .text.USBD_GetEpDesc
                0x0000000008008ce6       0x74 ./Middlewares/ST/STM32_USB_Device_Library/Core/Src/usbd_core.o
                0x0000000008008ce6                USBD_GetEpDesc
 .text.USBD_GetNextDesc
                0x0000000008008d5a       0x3a ./Middlewares/ST/STM32_USB_Device_Library/Core/Src/usbd_core.o
                0x0000000008008d5a                USBD_GetNextDesc
 .text.SWAPBYTE
                0x0000000008008d94       0x3c ./Middlewares/ST/STM32_USB_Device_Library/Core/Src/usbd_ctlreq.o
 .text.USBD_StdDevReq
                0x0000000008008dd0       0xe4 ./Middlewares/ST/STM32_USB_Device_Library/Core/Src/usbd_ctlreq.o
                0x0000000008008dd0                USBD_StdDevReq
 .text.USBD_StdItfReq
                0x0000000008008eb4       0xd8 ./Middlewares/ST/STM32_USB_Device_Library/Core/Src/usbd_ctlreq.o
                0x0000000008008eb4                USBD_StdItfReq
 .text.USBD_StdEPReq
                0x0000000008008f8c      0x33a ./Middlewares/ST/STM32_USB_Device_Library/Core/Src/usbd_ctlreq.o
                0x0000000008008f8c                USBD_StdEPReq
 *fill*         0x00000000080092c6        0x2 
 .text.USBD_GetDescriptor
                0x00000000080092c8      0x328 ./Middlewares/ST/STM32_USB_Device_Library/Core/Src/usbd_ctlreq.o
 .text.USBD_SetAddress
                0x00000000080095f0       0x88 ./Middlewares/ST/STM32_USB_Device_Library/Core/Src/usbd_ctlreq.o
 .text.USBD_SetConfig
                0x0000000008009678      0x154 ./Middlewares/ST/STM32_USB_Device_Library/Core/Src/usbd_ctlreq.o
 .text.USBD_GetConfig
                0x00000000080097cc       0x6c ./Middlewares/ST/STM32_USB_Device_Library/Core/Src/usbd_ctlreq.o
 .text.USBD_GetStatus
                0x0000000008009838       0x68 ./Middlewares/ST/STM32_USB_Device_Library/Core/Src/usbd_ctlreq.o
 .text.USBD_SetFeature
                0x00000000080098a0       0x52 ./Middlewares/ST/STM32_USB_Device_Library/Core/Src/usbd_ctlreq.o
 .text.USBD_ClrFeature
                0x00000000080098f2       0x44 ./Middlewares/ST/STM32_USB_Device_Library/Core/Src/usbd_ctlreq.o
 .text.USBD_ParseSetupRequest
                0x0000000008009936       0x74 ./Middlewares/ST/STM32_USB_Device_Library/Core/Src/usbd_ctlreq.o
                0x0000000008009936                USBD_ParseSetupRequest
 .text.USBD_CtlError
                0x00000000080099aa       0x22 ./Middlewares/ST/STM32_USB_Device_Library/Core/Src/usbd_ctlreq.o
                0x00000000080099aa                USBD_CtlError
 .text.USBD_GetString
                0x00000000080099cc       0x8c ./Middlewares/ST/STM32_USB_Device_Library/Core/Src/usbd_ctlreq.o
                0x00000000080099cc                USBD_GetString
 .text.USBD_GetLen
                0x0000000008009a58       0x34 ./Middlewares/ST/STM32_USB_Device_Library/Core/Src/usbd_ctlreq.o
 .text.USBD_CtlSendData
                0x0000000008009a8c       0x36 ./Middlewares/ST/STM32_USB_Device_Library/Core/Src/usbd_ioreq.o
                0x0000000008009a8c                USBD_CtlSendData
 .text.USBD_CtlContinueSendData
                0x0000000008009ac2       0x22 ./Middlewares/ST/STM32_USB_Device_Library/Core/Src/usbd_ioreq.o
                0x0000000008009ac2                USBD_CtlContinueSendData
 .text.USBD_CtlContinueRx
                0x0000000008009ae4       0x22 ./Middlewares/ST/STM32_USB_Device_Library/Core/Src/usbd_ioreq.o
                0x0000000008009ae4                USBD_CtlContinueRx
 .text.USBD_CtlSendStatus
                0x0000000008009b06       0x26 ./Middlewares/ST/STM32_USB_Device_Library/Core/Src/usbd_ioreq.o
                0x0000000008009b06                USBD_CtlSendStatus
 .text.USBD_CtlReceiveStatus
                0x0000000008009b2c       0x26 ./Middlewares/ST/STM32_USB_Device_Library/Core/Src/usbd_ioreq.o
                0x0000000008009b2c                USBD_CtlReceiveStatus
 *fill*         0x0000000008009b52        0x2 
 .text.USBH_HID_InterfaceInit
                0x0000000008009b54      0x254 ./Middlewares/ST/STM32_USB_Host_Library/Class/HID/Src/usbh_hid.o
 .text.USBH_HID_InterfaceDeInit
                0x0000000008009da8       0x8c ./Middlewares/ST/STM32_USB_Host_Library/Class/HID/Src/usbh_hid.o
 .text.USBH_HID_ClassRequest
                0x0000000008009e34       0xfc ./Middlewares/ST/STM32_USB_Host_Library/Class/HID/Src/usbh_hid.o
 .text.USBH_HID_Process
                0x0000000008009f30      0x188 ./Middlewares/ST/STM32_USB_Host_Library/Class/HID/Src/usbh_hid.o
 .text.USBH_HID_SOFProcess
                0x000000000800a0b8       0x42 ./Middlewares/ST/STM32_USB_Host_Library/Class/HID/Src/usbh_hid.o
 .text.USBH_HID_GetHIDReportDescriptor
                0x000000000800a0fa       0x32 ./Middlewares/ST/STM32_USB_Host_Library/Class/HID/Src/usbh_hid.o
                0x000000000800a0fa                USBH_HID_GetHIDReportDescriptor
 .text.USBH_HID_SetIdle
                0x000000000800a12c       0x50 ./Middlewares/ST/STM32_USB_Host_Library/Class/HID/Src/usbh_hid.o
                0x000000000800a12c                USBH_HID_SetIdle
 .text.USBH_HID_GetReport
                0x000000000800a17c       0x58 ./Middlewares/ST/STM32_USB_Host_Library/Class/HID/Src/usbh_hid.o
                0x000000000800a17c                USBH_HID_GetReport
 .text.USBH_HID_SetProtocol
                0x000000000800a1d4       0x4c ./Middlewares/ST/STM32_USB_Host_Library/Class/HID/Src/usbh_hid.o
                0x000000000800a1d4                USBH_HID_SetProtocol
 .text.USBH_HID_ParseHIDDesc
                0x000000000800a220       0xbc ./Middlewares/ST/STM32_USB_Host_Library/Class/HID/Src/usbh_hid.o
 .text.USBH_HID_GetDeviceType
                0x000000000800a2dc       0x54 ./Middlewares/ST/STM32_USB_Host_Library/Class/HID/Src/usbh_hid.o
                0x000000000800a2dc                USBH_HID_GetDeviceType
 .text.USBH_HID_FifoInit
                0x000000000800a330       0x38 ./Middlewares/ST/STM32_USB_Host_Library/Class/HID/Src/usbh_hid.o
                0x000000000800a330                USBH_HID_FifoInit
 .text.USBH_HID_FifoRead
                0x000000000800a368       0x92 ./Middlewares/ST/STM32_USB_Host_Library/Class/HID/Src/usbh_hid.o
                0x000000000800a368                USBH_HID_FifoRead
 .text.USBH_HID_FifoWrite
                0x000000000800a3fa       0xa8 ./Middlewares/ST/STM32_USB_Host_Library/Class/HID/Src/usbh_hid.o
                0x000000000800a3fa                USBH_HID_FifoWrite
 *fill*         0x000000000800a4a2        0x2 
 .text.USBH_HID_KeybdInit
                0x000000000800a4a4       0xa8 ./Middlewares/ST/STM32_USB_Host_Library/Class/HID/Src/usbh_hid_keybd.o
                0x000000000800a4a4                USBH_HID_KeybdInit
 .text.USBH_HID_GetKeybdInfo
                0x000000000800a54c       0x28 ./Middlewares/ST/STM32_USB_Host_Library/Class/HID/Src/usbh_hid_keybd.o
                0x000000000800a54c                USBH_HID_GetKeybdInfo
 .text.USBH_HID_KeybdDecode
                0x000000000800a574      0x120 ./Middlewares/ST/STM32_USB_Host_Library/Class/HID/Src/usbh_hid_keybd.o
 .text.USBH_HID_GetASCIICode
                0x000000000800a694       0x58 ./Middlewares/ST/STM32_USB_Host_Library/Class/HID/Src/usbh_hid_keybd.o
                0x000000000800a694                USBH_HID_GetASCIICode
 .text.USBH_HID_MouseInit
                0x000000000800a6ec       0x94 ./Middlewares/ST/STM32_USB_Host_Library/Class/HID/Src/usbh_hid_mouse.o
                0x000000000800a6ec                USBH_HID_MouseInit
 .text.HID_ReadItem
                0x000000000800a780      0x134 ./Middlewares/ST/STM32_USB_Host_Library/Class/HID/Src/usbh_hid_parser.o
                0x000000000800a780                HID_ReadItem
 .text.USBH_Init
                0x000000000800a8b4       0x74 ./Middlewares/ST/STM32_USB_Host_Library/Core/Src/usbh_core.o
                0x000000000800a8b4                USBH_Init
 .text.DeInitStateMachine
                0x000000000800a928       0xa8 ./Middlewares/ST/STM32_USB_Host_Library/Core/Src/usbh_core.o
 .text.USBH_RegisterClass
                0x000000000800a9d0       0x54 ./Middlewares/ST/STM32_USB_Host_Library/Core/Src/usbh_core.o
                0x000000000800a9d0                USBH_RegisterClass
 .text.USBH_SelectInterface
                0x000000000800aa24       0x38 ./Middlewares/ST/STM32_USB_Host_Library/Core/Src/usbh_core.o
                0x000000000800aa24                USBH_SelectInterface
 .text.USBH_FindInterface
                0x000000000800aa5c       0x8c ./Middlewares/ST/STM32_USB_Host_Library/Core/Src/usbh_core.o
                0x000000000800aa5c                USBH_FindInterface
 .text.USBH_Start
                0x000000000800aae8       0x20 ./Middlewares/ST/STM32_USB_Host_Library/Core/Src/usbh_core.o
                0x000000000800aae8                USBH_Start
 .text.USBH_Process
                0x000000000800ab08      0x3d8 ./Middlewares/ST/STM32_USB_Host_Library/Core/Src/usbh_core.o
                0x000000000800ab08                USBH_Process
 .text.USBH_HandleEnum
                0x000000000800aee0      0x3c8 ./Middlewares/ST/STM32_USB_Host_Library/Core/Src/usbh_core.o
 .text.USBH_LL_SetTimer
                0x000000000800b2a8       0x1e ./Middlewares/ST/STM32_USB_Host_Library/Core/Src/usbh_core.o
                0x000000000800b2a8                USBH_LL_SetTimer
 .text.USBH_LL_IncTimer
                0x000000000800b2c6       0x24 ./Middlewares/ST/STM32_USB_Host_Library/Core/Src/usbh_core.o
                0x000000000800b2c6                USBH_LL_IncTimer
 .text.USBH_HandleSof
                0x000000000800b2ea       0x30 ./Middlewares/ST/STM32_USB_Host_Library/Core/Src/usbh_core.o
 .text.USBH_LL_PortEnabled
                0x000000000800b31a       0x1c ./Middlewares/ST/STM32_USB_Host_Library/Core/Src/usbh_core.o
                0x000000000800b31a                USBH_LL_PortEnabled
 .text.USBH_LL_PortDisabled
                0x000000000800b336       0x1c ./Middlewares/ST/STM32_USB_Host_Library/Core/Src/usbh_core.o
                0x000000000800b336                USBH_LL_PortDisabled
 .text.USBH_LL_Connect
                0x000000000800b352       0x2e ./Middlewares/ST/STM32_USB_Host_Library/Core/Src/usbh_core.o
                0x000000000800b352                USBH_LL_Connect
 .text.USBH_LL_Disconnect
                0x000000000800b380       0x48 ./Middlewares/ST/STM32_USB_Host_Library/Core/Src/usbh_core.o
                0x000000000800b380                USBH_LL_Disconnect
 .text.USBH_Get_DevDesc
                0x000000000800b3c8       0x50 ./Middlewares/ST/STM32_USB_Host_Library/Core/Src/usbh_ctlreq.o
                0x000000000800b3c8                USBH_Get_DevDesc
 .text.USBH_Get_CfgDesc
                0x000000000800b418       0x48 ./Middlewares/ST/STM32_USB_Host_Library/Core/Src/usbh_ctlreq.o
                0x000000000800b418                USBH_Get_CfgDesc
 .text.USBH_Get_StringDesc
                0x000000000800b460       0x56 ./Middlewares/ST/STM32_USB_Host_Library/Core/Src/usbh_ctlreq.o
                0x000000000800b460                USBH_Get_StringDesc
 .text.USBH_GetDescriptor
                0x000000000800b4b6       0x6a ./Middlewares/ST/STM32_USB_Host_Library/Core/Src/usbh_ctlreq.o
                0x000000000800b4b6                USBH_GetDescriptor
 .text.USBH_SetAddress
                0x000000000800b520       0x48 ./Middlewares/ST/STM32_USB_Host_Library/Core/Src/usbh_ctlreq.o
                0x000000000800b520                USBH_SetAddress
 .text.USBH_SetCfg
                0x000000000800b568       0x46 ./Middlewares/ST/STM32_USB_Host_Library/Core/Src/usbh_ctlreq.o
                0x000000000800b568                USBH_SetCfg
 .text.USBH_SetFeature
                0x000000000800b5ae       0x48 ./Middlewares/ST/STM32_USB_Host_Library/Core/Src/usbh_ctlreq.o
                0x000000000800b5ae                USBH_SetFeature
 .text.USBH_ClrFeature
                0x000000000800b5f6       0x48 ./Middlewares/ST/STM32_USB_Host_Library/Core/Src/usbh_ctlreq.o
                0x000000000800b5f6                USBH_ClrFeature
 .text.USBH_ParseDevDesc
                0x000000000800b63e      0x122 ./Middlewares/ST/STM32_USB_Host_Library/Core/Src/usbh_ctlreq.o
 .text.USBH_ParseCfgDesc
                0x000000000800b760      0x1ec ./Middlewares/ST/STM32_USB_Host_Library/Core/Src/usbh_ctlreq.o
 .text.USBH_ParseInterfaceDesc
                0x000000000800b94c       0x5e ./Middlewares/ST/STM32_USB_Host_Library/Core/Src/usbh_ctlreq.o
 .text.USBH_ParseEPDesc
                0x000000000800b9aa      0x14a ./Middlewares/ST/STM32_USB_Host_Library/Core/Src/usbh_ctlreq.o
 .text.USBH_ParseStringDesc
                0x000000000800baf4       0x66 ./Middlewares/ST/STM32_USB_Host_Library/Core/Src/usbh_ctlreq.o
 .text.USBH_GetNextDesc
                0x000000000800bb5a       0x36 ./Middlewares/ST/STM32_USB_Host_Library/Core/Src/usbh_ctlreq.o
                0x000000000800bb5a                USBH_GetNextDesc
 .text.USBH_CtlReq
                0x000000000800bb90       0x7a ./Middlewares/ST/STM32_USB_Host_Library/Core/Src/usbh_ctlreq.o
                0x000000000800bb90                USBH_CtlReq
 *fill*         0x000000000800bc0a        0x2 
 .text.USBH_HandleControl
                0x000000000800bc0c      0x2e8 ./Middlewares/ST/STM32_USB_Host_Library/Core/Src/usbh_ctlreq.o
 .text.USBH_CtlSendSetup
                0x000000000800bef4       0x34 ./Middlewares/ST/STM32_USB_Host_Library/Core/Src/usbh_ioreq.o
                0x000000000800bef4                USBH_CtlSendSetup
 .text.USBH_CtlSendData
                0x000000000800bf28       0x4a ./Middlewares/ST/STM32_USB_Host_Library/Core/Src/usbh_ioreq.o
                0x000000000800bf28                USBH_CtlSendData
 .text.USBH_CtlReceiveData
                0x000000000800bf72       0x3c ./Middlewares/ST/STM32_USB_Host_Library/Core/Src/usbh_ioreq.o
                0x000000000800bf72                USBH_CtlReceiveData
 .text.USBH_InterruptReceiveData
                0x000000000800bfae       0x3e ./Middlewares/ST/STM32_USB_Host_Library/Core/Src/usbh_ioreq.o
                0x000000000800bfae                USBH_InterruptReceiveData
 .text.USBH_OpenPipe
                0x000000000800bfec       0x3e ./Middlewares/ST/STM32_USB_Host_Library/Core/Src/usbh_pipes.o
                0x000000000800bfec                USBH_OpenPipe
 .text.USBH_ClosePipe
                0x000000000800c02a       0x20 ./Middlewares/ST/STM32_USB_Host_Library/Core/Src/usbh_pipes.o
                0x000000000800c02a                USBH_ClosePipe
 .text.USBH_AllocPipe
                0x000000000800c04a       0x42 ./Middlewares/ST/STM32_USB_Host_Library/Core/Src/usbh_pipes.o
                0x000000000800c04a                USBH_AllocPipe
 .text.USBH_FreePipe
                0x000000000800c08c       0x3c ./Middlewares/ST/STM32_USB_Host_Library/Core/Src/usbh_pipes.o
                0x000000000800c08c                USBH_FreePipe
 .text.USBH_GetFreePipe
                0x000000000800c0c8       0x48 ./Middlewares/ST/STM32_USB_Host_Library/Core/Src/usbh_pipes.o
 .text.MX_USB_DEVICE_Init
                0x000000000800c110       0x4c ./USB_DEVICE/App/usb_device.o
                0x000000000800c110                MX_USB_DEVICE_Init
 .text.USBD_FS_DeviceDescriptor
                0x000000000800c15c       0x24 ./USB_DEVICE/App/usbd_desc.o
                0x000000000800c15c                USBD_FS_DeviceDescriptor
 .text.USBD_FS_LangIDStrDescriptor
                0x000000000800c180       0x24 ./USB_DEVICE/App/usbd_desc.o
                0x000000000800c180                USBD_FS_LangIDStrDescriptor
 .text.USBD_FS_ProductStrDescriptor
                0x000000000800c1a4       0x3c ./USB_DEVICE/App/usbd_desc.o
                0x000000000800c1a4                USBD_FS_ProductStrDescriptor
 .text.USBD_FS_ManufacturerStrDescriptor
                0x000000000800c1e0       0x28 ./USB_DEVICE/App/usbd_desc.o
                0x000000000800c1e0                USBD_FS_ManufacturerStrDescriptor
 .text.USBD_FS_SerialStrDescriptor
                0x000000000800c208       0x24 ./USB_DEVICE/App/usbd_desc.o
                0x000000000800c208                USBD_FS_SerialStrDescriptor
 .text.USBD_FS_ConfigStrDescriptor
                0x000000000800c22c       0x3c ./USB_DEVICE/App/usbd_desc.o
                0x000000000800c22c                USBD_FS_ConfigStrDescriptor
 .text.USBD_FS_InterfaceStrDescriptor
                0x000000000800c268       0x3c ./USB_DEVICE/App/usbd_desc.o
                0x000000000800c268                USBD_FS_InterfaceStrDescriptor
 .text.USBD_FS_USR_BOSDescriptor
                0x000000000800c2a4       0x24 ./USB_DEVICE/App/usbd_desc.o
                0x000000000800c2a4                USBD_FS_USR_BOSDescriptor
 .text.Get_SerialNum
                0x000000000800c2c8       0x58 ./USB_DEVICE/App/usbd_desc.o
 .text.IntToUnicode
                0x000000000800c320       0x7e ./USB_DEVICE/App/usbd_desc.o
 *fill*         0x000000000800c39e        0x2 
 .text.HAL_PCD_MspInit
                0x000000000800c3a0       0xd4 ./USB_DEVICE/Target/usbd_conf.o
                0x000000000800c3a0                HAL_PCD_MspInit
 .text.HAL_PCD_SetupStageCallback
                0x000000000800c474       0x24 ./USB_DEVICE/Target/usbd_conf.o
                0x000000000800c474                HAL_PCD_SetupStageCallback
 .text.HAL_PCD_DataOutStageCallback
                0x000000000800c498       0x36 ./USB_DEVICE/Target/usbd_conf.o
                0x000000000800c498                HAL_PCD_DataOutStageCallback
 .text.HAL_PCD_DataInStageCallback
                0x000000000800c4ce       0x34 ./USB_DEVICE/Target/usbd_conf.o
                0x000000000800c4ce                HAL_PCD_DataInStageCallback
 .text.HAL_PCD_SOFCallback
                0x000000000800c502       0x1c ./USB_DEVICE/Target/usbd_conf.o
                0x000000000800c502                HAL_PCD_SOFCallback
 .text.HAL_PCD_ResetCallback
                0x000000000800c51e       0x50 ./USB_DEVICE/Target/usbd_conf.o
                0x000000000800c51e                HAL_PCD_ResetCallback
 *fill*         0x000000000800c56e        0x2 
 .text.HAL_PCD_SuspendCallback
                0x000000000800c570       0x4c ./USB_DEVICE/Target/usbd_conf.o
                0x000000000800c570                HAL_PCD_SuspendCallback
 .text.HAL_PCD_ResumeCallback
                0x000000000800c5bc       0x1c ./USB_DEVICE/Target/usbd_conf.o
                0x000000000800c5bc                HAL_PCD_ResumeCallback
 .text.HAL_PCD_ISOOUTIncompleteCallback
                0x000000000800c5d8       0x24 ./USB_DEVICE/Target/usbd_conf.o
                0x000000000800c5d8                HAL_PCD_ISOOUTIncompleteCallback
 .text.HAL_PCD_ISOINIncompleteCallback
                0x000000000800c5fc       0x24 ./USB_DEVICE/Target/usbd_conf.o
                0x000000000800c5fc                HAL_PCD_ISOINIncompleteCallback
 .text.HAL_PCD_ConnectCallback
                0x000000000800c620       0x1c ./USB_DEVICE/Target/usbd_conf.o
                0x000000000800c620                HAL_PCD_ConnectCallback
 .text.HAL_PCD_DisconnectCallback
                0x000000000800c63c       0x1c ./USB_DEVICE/Target/usbd_conf.o
                0x000000000800c63c                HAL_PCD_DisconnectCallback
 .text.USBD_LL_Init
                0x000000000800c658       0x98 ./USB_DEVICE/Target/usbd_conf.o
                0x000000000800c658                USBD_LL_Init
 .text.USBD_LL_Start
                0x000000000800c6f0       0x36 ./USB_DEVICE/Target/usbd_conf.o
                0x000000000800c6f0                USBD_LL_Start
 .text.USBD_LL_OpenEP
                0x000000000800c726       0x4c ./USB_DEVICE/Target/usbd_conf.o
                0x000000000800c726                USBD_LL_OpenEP
 .text.USBD_LL_CloseEP
                0x000000000800c772       0x3e ./USB_DEVICE/Target/usbd_conf.o
                0x000000000800c772                USBD_LL_CloseEP
 .text.USBD_LL_StallEP
                0x000000000800c7b0       0x3e ./USB_DEVICE/Target/usbd_conf.o
                0x000000000800c7b0                USBD_LL_StallEP
 .text.USBD_LL_ClearStallEP
                0x000000000800c7ee       0x3e ./USB_DEVICE/Target/usbd_conf.o
                0x000000000800c7ee                USBD_LL_ClearStallEP
 .text.USBD_LL_IsStallEP
                0x000000000800c82c       0x58 ./USB_DEVICE/Target/usbd_conf.o
                0x000000000800c82c                USBD_LL_IsStallEP
 .text.USBD_LL_SetUSBAddress
                0x000000000800c884       0x3e ./USB_DEVICE/Target/usbd_conf.o
                0x000000000800c884                USBD_LL_SetUSBAddress
 .text.USBD_LL_Transmit
                0x000000000800c8c2       0x42 ./USB_DEVICE/Target/usbd_conf.o
                0x000000000800c8c2                USBD_LL_Transmit
 .text.USBD_LL_PrepareReceive
                0x000000000800c904       0x42 ./USB_DEVICE/Target/usbd_conf.o
                0x000000000800c904                USBD_LL_PrepareReceive
 *fill*         0x000000000800c946        0x2 
 .text.HAL_PCDEx_LPM_Callback
                0x000000000800c948       0x9c ./USB_DEVICE/Target/usbd_conf.o
                0x000000000800c948                HAL_PCDEx_LPM_Callback
 .text.USBD_static_malloc
                0x000000000800c9e4       0x1c ./USB_DEVICE/Target/usbd_conf.o
                0x000000000800c9e4                USBD_static_malloc
 .text.USBD_static_free
                0x000000000800ca00       0x14 ./USB_DEVICE/Target/usbd_conf.o
                0x000000000800ca00                USBD_static_free
 .text.USBD_Get_USB_Status
                0x000000000800ca14       0x58 ./USB_DEVICE/Target/usbd_conf.o
                0x000000000800ca14                USBD_Get_USB_Status
 .text.MX_USB_HOST_Init
                0x000000000800ca6c       0x4c ./USB_HOST/App/usb_host.o
                0x000000000800ca6c                MX_USB_HOST_Init
 .text.MX_USB_HOST_Process
                0x000000000800cab8       0x14 ./USB_HOST/App/usb_host.o
                0x000000000800cab8                MX_USB_HOST_Process
 .text.USBH_UserProcess
                0x000000000800cacc       0x5c ./USB_HOST/App/usb_host.o
 .text.HAL_HCD_MspInit
                0x000000000800cb28       0xcc ./USB_HOST/Target/usbh_conf.o
                0x000000000800cb28                HAL_HCD_MspInit
 .text.HAL_HCD_SOF_Callback
                0x000000000800cbf4       0x1c ./USB_HOST/Target/usbh_conf.o
                0x000000000800cbf4                HAL_HCD_SOF_Callback
 .text.HAL_HCD_Connect_Callback
                0x000000000800cc10       0x1c ./USB_HOST/Target/usbh_conf.o
                0x000000000800cc10                HAL_HCD_Connect_Callback
 .text.HAL_HCD_Disconnect_Callback
                0x000000000800cc2c       0x1c ./USB_HOST/Target/usbh_conf.o
                0x000000000800cc2c                HAL_HCD_Disconnect_Callback
 .text.HAL_HCD_HC_NotifyURBChange_Callback
                0x000000000800cc48       0x1c ./USB_HOST/Target/usbh_conf.o
                0x000000000800cc48                HAL_HCD_HC_NotifyURBChange_Callback
 .text.HAL_HCD_PortEnabled_Callback
                0x000000000800cc64       0x1c ./USB_HOST/Target/usbh_conf.o
                0x000000000800cc64                HAL_HCD_PortEnabled_Callback
 .text.HAL_HCD_PortDisabled_Callback
                0x000000000800cc80       0x1c ./USB_HOST/Target/usbh_conf.o
                0x000000000800cc80                HAL_HCD_PortDisabled_Callback
 .text.USBH_LL_Init
                0x000000000800cc9c       0x8c ./USB_HOST/Target/usbh_conf.o
                0x000000000800cc9c                USBH_LL_Init
 .text.USBH_LL_Start
                0x000000000800cd28       0x36 ./USB_HOST/Target/usbh_conf.o
                0x000000000800cd28                USBH_LL_Start
 .text.USBH_LL_Stop
                0x000000000800cd5e       0x36 ./USB_HOST/Target/usbh_conf.o
                0x000000000800cd5e                USBH_LL_Stop
 .text.USBH_LL_GetSpeed
                0x000000000800cd94       0x4e ./USB_HOST/Target/usbh_conf.o
                0x000000000800cd94                USBH_LL_GetSpeed
 .text.USBH_LL_ResetPort
                0x000000000800cde2       0x36 ./USB_HOST/Target/usbh_conf.o
                0x000000000800cde2                USBH_LL_ResetPort
 .text.USBH_LL_GetLastXferSize
                0x000000000800ce18       0x26 ./USB_HOST/Target/usbh_conf.o
                0x000000000800ce18                USBH_LL_GetLastXferSize
 .text.USBH_LL_OpenPipe
                0x000000000800ce3e       0x5e ./USB_HOST/Target/usbh_conf.o
                0x000000000800ce3e                USBH_LL_OpenPipe
 .text.USBH_LL_ClosePipe
                0x000000000800ce9c       0x3e ./USB_HOST/Target/usbh_conf.o
                0x000000000800ce9c                USBH_LL_ClosePipe
 .text.USBH_LL_SubmitURB
                0x000000000800ceda       0x62 ./USB_HOST/Target/usbh_conf.o
                0x000000000800ceda                USBH_LL_SubmitURB
 .text.USBH_LL_GetURBState
                0x000000000800cf3c       0x26 ./USB_HOST/Target/usbh_conf.o
                0x000000000800cf3c                USBH_LL_GetURBState
 .text.USBH_LL_DriverVBUS
                0x000000000800cf62       0x2e ./USB_HOST/Target/usbh_conf.o
                0x000000000800cf62                USBH_LL_DriverVBUS
 .text.USBH_LL_SetToggle
                0x000000000800cf90       0x60 ./USB_HOST/Target/usbh_conf.o
                0x000000000800cf90                USBH_LL_SetToggle
 .text.USBH_Delay
                0x000000000800cff0       0x16 ./USB_HOST/Target/usbh_conf.o
                0x000000000800cff0                USBH_Delay
 *fill*         0x000000000800d006        0x2 
 .text.USBH_Get_USB_Status
                0x000000000800d008       0x58 ./USB_HOST/Target/usbh_conf.o
                0x000000000800d008                USBH_Get_USB_Status
 .text.MX_DriverVbusHS
                0x000000000800d060       0x38 ./USB_HOST/Target/usbh_platform.o
                0x000000000800d060                MX_DriverVbusHS
 .text.__errno  0x000000000800d098        0xc /opt/st/stm32cubeide_1.12.0/plugins/com.st.stm32cube.ide.mcu.externaltools.gnu-tools-for-stm32.10.3-2021.10.linux64_1.0.200.202301161003/tools/bin/../lib/gcc/arm-none-eabi/10.3.1/../../../../arm-none-eabi/lib/thumb/v7e-m+fp/hard/libc_nano.a(lib_a-errno.o)
                0x000000000800d098                __errno
 .text.__libc_init_array
                0x000000000800d0a4       0x48 /opt/st/stm32cubeide_1.12.0/plugins/com.st.stm32cube.ide.mcu.externaltools.gnu-tools-for-stm32.10.3-2021.10.linux64_1.0.200.202301161003/tools/bin/../lib/gcc/arm-none-eabi/10.3.1/../../../../arm-none-eabi/lib/thumb/v7e-m+fp/hard/libc_nano.a(lib_a-init.o)
                0x000000000800d0a4                __libc_init_array
 .text.malloc   0x000000000800d0ec       0x10 /opt/st/stm32cubeide_1.12.0/plugins/com.st.stm32cube.ide.mcu.externaltools.gnu-tools-for-stm32.10.3-2021.10.linux64_1.0.200.202301161003/tools/bin/../lib/gcc/arm-none-eabi/10.3.1/../../../../arm-none-eabi/lib/thumb/v7e-m+fp/hard/libc_nano.a(lib_a-malloc.o)
                0x000000000800d0ec                malloc
 .text.free     0x000000000800d0fc       0x10 /opt/st/stm32cubeide_1.12.0/plugins/com.st.stm32cube.ide.mcu.externaltools.gnu-tools-for-stm32.10.3-2021.10.linux64_1.0.200.202301161003/tools/bin/../lib/gcc/arm-none-eabi/10.3.1/../../../../arm-none-eabi/lib/thumb/v7e-m+fp/hard/libc_nano.a(lib_a-malloc.o)
                0x000000000800d0fc                free
 .text.memset   0x000000000800d10c       0x10 /opt/st/stm32cubeide_1.12.0/plugins/com.st.stm32cube.ide.mcu.externaltools.gnu-tools-for-stm32.10.3-2021.10.linux64_1.0.200.202301161003/tools/bin/../lib/gcc/arm-none-eabi/10.3.1/../../../../arm-none-eabi/lib/thumb/v7e-m+fp/hard/libc_nano.a(lib_a-memset.o)
                0x000000000800d10c                memset
 .text._free_r  0x000000000800d11c       0x98 /opt/st/stm32cubeide_1.12.0/plugins/com.st.stm32cube.ide.mcu.externaltools.gnu-tools-for-stm32.10.3-2021.10.linux64_1.0.200.202301161003/tools/bin/../lib/gcc/arm-none-eabi/10.3.1/../../../../arm-none-eabi/lib/thumb/v7e-m+fp/hard/libc_nano.a(lib_a-nano-freer.o)
                0x000000000800d11c                _free_r
 .text.sbrk_aligned
                0x000000000800d1b4       0x40 /opt/st/stm32cubeide_1.12.0/plugins/com.st.stm32cube.ide.mcu.externaltools.gnu-tools-for-stm32.10.3-2021.10.linux64_1.0.200.202301161003/tools/bin/../lib/gcc/arm-none-eabi/10.3.1/../../../../arm-none-eabi/lib/thumb/v7e-m+fp/hard/libc_nano.a(lib_a-nano-mallocr.o)
 .text._malloc_r
                0x000000000800d1f4       0xe8 /opt/st/stm32cubeide_1.12.0/plugins/com.st.stm32cube.ide.mcu.externaltools.gnu-tools-for-stm32.10.3-2021.10.linux64_1.0.200.202301161003/tools/bin/../lib/gcc/arm-none-eabi/10.3.1/../../../../arm-none-eabi/lib/thumb/v7e-m+fp/hard/libc_nano.a(lib_a-nano-mallocr.o)
                0x000000000800d1f4                _malloc_r
 .text._sbrk_r  0x000000000800d2dc       0x20 /opt/st/stm32cubeide_1.12.0/plugins/com.st.stm32cube.ide.mcu.externaltools.gnu-tools-for-stm32.10.3-2021.10.linux64_1.0.200.202301161003/tools/bin/../lib/gcc/arm-none-eabi/10.3.1/../../../../arm-none-eabi/lib/thumb/v7e-m+fp/hard/libc_nano.a(lib_a-sbrkr.o)
                0x000000000800d2dc                _sbrk_r
 .text.sprintf  0x000000000800d2fc       0x40 /opt/st/stm32cubeide_1.12.0/plugins/com.st.stm32cube.ide.mcu.externaltools.gnu-tools-for-stm32.10.3-2021.10.linux64_1.0.200.202301161003/tools/bin/../lib/gcc/arm-none-eabi/10.3.1/../../../../arm-none-eabi/lib/thumb/v7e-m+fp/hard/libc_nano.a(lib_a-sprintf.o)
                0x000000000800d2fc                sprintf
                0x000000000800d2fc                siprintf
 .text.__malloc_lock
                0x000000000800d33c        0xc /opt/st/stm32cubeide_1.12.0/plugins/com.st.stm32cube.ide.mcu.externaltools.gnu-tools-for-stm32.10.3-2021.10.linux64_1.0.200.202301161003/tools/bin/../lib/gcc/arm-none-eabi/10.3.1/../../../../arm-none-eabi/lib/thumb/v7e-m+fp/hard/libc_nano.a(lib_a-mlock.o)
                0x000000000800d33c                __malloc_lock
 .text.__malloc_unlock
                0x000000000800d348        0xc /opt/st/stm32cubeide_1.12.0/plugins/com.st.stm32cube.ide.mcu.externaltools.gnu-tools-for-stm32.10.3-2021.10.linux64_1.0.200.202301161003/tools/bin/../lib/gcc/arm-none-eabi/10.3.1/../../../../arm-none-eabi/lib/thumb/v7e-m+fp/hard/libc_nano.a(lib_a-mlock.o)
                0x000000000800d348                __malloc_unlock
 .text.__ssputs_r
                0x000000000800d354       0xb6 /opt/st/stm32cubeide_1.12.0/plugins/com.st.stm32cube.ide.mcu.externaltools.gnu-tools-for-stm32.10.3-2021.10.linux64_1.0.200.202301161003/tools/bin/../lib/gcc/arm-none-eabi/10.3.1/../../../../arm-none-eabi/lib/thumb/v7e-m+fp/hard/libc_nano.a(lib_a-nano-svfprintf.o)
                0x000000000800d354                __ssputs_r
 *fill*         0x000000000800d40a        0x2 
 .text._svfprintf_r
                0x000000000800d40c      0x200 /opt/st/stm32cubeide_1.12.0/plugins/com.st.stm32cube.ide.mcu.externaltools.gnu-tools-for-stm32.10.3-2021.10.linux64_1.0.200.202301161003/tools/bin/../lib/gcc/arm-none-eabi/10.3.1/../../../../arm-none-eabi/lib/thumb/v7e-m+fp/hard/libc_nano.a(lib_a-nano-svfprintf.o)
                0x000000000800d40c                _svfprintf_r
                0x000000000800d40c                _svfiprintf_r
 .text._printf_common
                0x000000000800d60c       0xda /opt/st/stm32cubeide_1.12.0/plugins/com.st.stm32cube.ide.mcu.externaltools.gnu-tools-for-stm32.10.3-2021.10.linux64_1.0.200.202301161003/tools/bin/../lib/gcc/arm-none-eabi/10.3.1/../../../../arm-none-eabi/lib/thumb/v7e-m+fp/hard/libc_nano.a(lib_a-nano-vfprintf_i.o)
                0x000000000800d60c                _printf_common
 *fill*         0x000000000800d6e6        0x2 
 .text._printf_i
                0x000000000800d6e8      0x24c /opt/st/stm32cubeide_1.12.0/plugins/com.st.stm32cube.ide.mcu.externaltools.gnu-tools-for-stm32.10.3-2021.10.linux64_1.0.200.202301161003/tools/bin/../lib/gcc/arm-none-eabi/10.3.1/../../../../arm-none-eabi/lib/thumb/v7e-m+fp/hard/libc_nano.a(lib_a-nano-vfprintf_i.o)
                0x000000000800d6e8                _printf_i
 .text.__retarget_lock_acquire_recursive
                0x000000000800d934        0x2 /opt/st/stm32cubeide_1.12.0/plugins/com.st.stm32cube.ide.mcu.externaltools.gnu-tools-for-stm32.10.3-2021.10.linux64_1.0.200.202301161003/tools/bin/../lib/gcc/arm-none-eabi/10.3.1/../../../../arm-none-eabi/lib/thumb/v7e-m+fp/hard/libc_nano.a(lib_a-lock.o)
                0x000000000800d934                __retarget_lock_acquire_recursive
 .text.__retarget_lock_release_recursive
                0x000000000800d936        0x2 /opt/st/stm32cubeide_1.12.0/plugins/com.st.stm32cube.ide.mcu.externaltools.gnu-tools-for-stm32.10.3-2021.10.linux64_1.0.200.202301161003/tools/bin/../lib/gcc/arm-none-eabi/10.3.1/../../../../arm-none-eabi/lib/thumb/v7e-m+fp/hard/libc_nano.a(lib_a-lock.o)
                0x000000000800d936                __retarget_lock_release_recursive
 .text.memcpy   0x000000000800d938       0x1c /opt/st/stm32cubeide_1.12.0/plugins/com.st.stm32cube.ide.mcu.externaltools.gnu-tools-for-stm32.10.3-2021.10.linux64_1.0.200.202301161003/tools/bin/../lib/gcc/arm-none-eabi/10.3.1/../../../../arm-none-eabi/lib/thumb/v7e-m+fp/hard/libc_nano.a(lib_a-memcpy-stub.o)
                0x000000000800d938                memcpy
 .text.memmove  0x000000000800d954       0x34 /opt/st/stm32cubeide_1.12.0/plugins/com.st.stm32cube.ide.mcu.externaltools.gnu-tools-for-stm32.10.3-2021.10.linux64_1.0.200.202301161003/tools/bin/../lib/gcc/arm-none-eabi/10.3.1/../../../../arm-none-eabi/lib/thumb/v7e-m+fp/hard/libc_nano.a(lib_a-memmove.o)
                0x000000000800d954                memmove
 .text._realloc_r
                0x000000000800d988       0x5e /opt/st/stm32cubeide_1.12.0/plugins/com.st.stm32cube.ide.mcu.externaltools.gnu-tools-for-stm32.10.3-2021.10.linux64_1.0.200.202301161003/tools/bin/../lib/gcc/arm-none-eabi/10.3.1/../../../../arm-none-eabi/lib/thumb/v7e-m+fp/hard/libc_nano.a(lib_a-nano-reallocr.o)
                0x000000000800d988                _realloc_r
 .text._malloc_usable_size_r
                0x000000000800d9e6       0x10 /opt/st/stm32cubeide_1.12.0/plugins/com.st.stm32cube.ide.mcu.externaltools.gnu-tools-for-stm32.10.3-2021.10.linux64_1.0.200.202301161003/tools/bin/../lib/gcc/arm-none-eabi/10.3.1/../../../../arm-none-eabi/lib/thumb/v7e-m+fp/hard/libc_nano.a(lib_a-nano-msizer.o)
                0x000000000800d9e6                _malloc_usable_size_r
 *(.glue_7)
 .glue_7        0x000000000800d9f6        0x0 linker stubs
 *(.glue_7t)
 .glue_7t       0x000000000800d9f6        0x0 linker stubs
 *(.eh_frame)
 *fill*         0x000000000800d9f6        0x2 
 .eh_frame      0x000000000800d9f8        0x0 /opt/st/stm32cubeide_1.12.0/plugins/com.st.stm32cube.ide.mcu.externaltools.gnu-tools-for-stm32.10.3-2021.10.linux64_1.0.200.202301161003/tools/bin/../lib/gcc/arm-none-eabi/10.3.1/thumb/v7e-m+fp/hard/crtbegin.o
 *(.init)
 .init          0x000000000800d9f8        0x4 /opt/st/stm32cubeide_1.12.0/plugins/com.st.stm32cube.ide.mcu.externaltools.gnu-tools-for-stm32.10.3-2021.10.linux64_1.0.200.202301161003/tools/bin/../lib/gcc/arm-none-eabi/10.3.1/thumb/v7e-m+fp/hard/crti.o
                0x000000000800d9f8                _init
 .init          0x000000000800d9fc        0x8 /opt/st/stm32cubeide_1.12.0/plugins/com.st.stm32cube.ide.mcu.externaltools.gnu-tools-for-stm32.10.3-2021.10.linux64_1.0.200.202301161003/tools/bin/../lib/gcc/arm-none-eabi/10.3.1/thumb/v7e-m+fp/hard/crtn.o
 *(.fini)
 .fini          0x000000000800da04        0x4 /opt/st/stm32cubeide_1.12.0/plugins/com.st.stm32cube.ide.mcu.externaltools.gnu-tools-for-stm32.10.3-2021.10.linux64_1.0.200.202301161003/tools/bin/../lib/gcc/arm-none-eabi/10.3.1/thumb/v7e-m+fp/hard/crti.o
                0x000000000800da04                _fini
 .fini          0x000000000800da08        0x8 /opt/st/stm32cubeide_1.12.0/plugins/com.st.stm32cube.ide.mcu.externaltools.gnu-tools-for-stm32.10.3-2021.10.linux64_1.0.200.202301161003/tools/bin/../lib/gcc/arm-none-eabi/10.3.1/thumb/v7e-m+fp/hard/crtn.o
                0x000000000800da10                . = ALIGN (0x4)
                0x000000000800da10                _etext = .

.vfp11_veneer   0x000000000800da10        0x0
 .vfp11_veneer  0x000000000800da10        0x0 linker stubs

.v4_bx          0x000000000800da10        0x0
 .v4_bx         0x000000000800da10        0x0 linker stubs

.iplt           0x000000000800da10        0x0
 .iplt          0x000000000800da10        0x0 /opt/st/stm32cubeide_1.12.0/plugins/com.st.stm32cube.ide.mcu.externaltools.gnu-tools-for-stm32.10.3-2021.10.linux64_1.0.200.202301161003/tools/bin/../lib/gcc/arm-none-eabi/10.3.1/thumb/v7e-m+fp/hard/crtbegin.o

.rodata         0x000000000800da10      0x3cc
                0x000000000800da10                . = ALIGN (0x4)
 *(.rodata)
 .rodata        0x000000000800da10       0x23 ./Core/Src/main.o
 *fill*         0x000000000800da33        0x1 
 .rodata        0x000000000800da34        0x4 ./Middlewares/ST/STM32_USB_Host_Library/Class/HID/Src/usbh_hid.o
 .rodata        0x000000000800da38       0x46 ./USB_DEVICE/App/usbd_desc.o
 *(.rodata*)
 *fill*         0x000000000800da7e        0x2 
 .rodata.AHBPrescTable
                0x000000000800da80       0x10 ./Core/Src/system_stm32f4xx.o
                0x000000000800da80                AHBPrescTable
 .rodata.APBPrescTable
                0x000000000800da90        0x8 ./Core/Src/system_stm32f4xx.o
                0x000000000800da90                APBPrescTable
 .rodata.imp_0_lctrl
                0x000000000800da98       0x20 ./Middlewares/ST/STM32_USB_Host_Library/Class/HID/Src/usbh_hid_keybd.o
 .rodata.imp_0_lshift
                0x000000000800dab8       0x20 ./Middlewares/ST/STM32_USB_Host_Library/Class/HID/Src/usbh_hid_keybd.o
 .rodata.imp_0_lalt
                0x000000000800dad8       0x20 ./Middlewares/ST/STM32_USB_Host_Library/Class/HID/Src/usbh_hid_keybd.o
 .rodata.imp_0_lgui
                0x000000000800daf8       0x20 ./Middlewares/ST/STM32_USB_Host_Library/Class/HID/Src/usbh_hid_keybd.o
 .rodata.imp_0_rctrl
                0x000000000800db18       0x20 ./Middlewares/ST/STM32_USB_Host_Library/Class/HID/Src/usbh_hid_keybd.o
 .rodata.imp_0_rshift
                0x000000000800db38       0x20 ./Middlewares/ST/STM32_USB_Host_Library/Class/HID/Src/usbh_hid_keybd.o
 .rodata.imp_0_ralt
                0x000000000800db58       0x20 ./Middlewares/ST/STM32_USB_Host_Library/Class/HID/Src/usbh_hid_keybd.o
 .rodata.imp_0_rgui
                0x000000000800db78       0x20 ./Middlewares/ST/STM32_USB_Host_Library/Class/HID/Src/usbh_hid_keybd.o
 .rodata.imp_0_key_array
                0x000000000800db98       0x20 ./Middlewares/ST/STM32_USB_Host_Library/Class/HID/Src/usbh_hid_keybd.o
 .rodata.HID_KEYBRD_Key
                0x000000000800dbb8       0x82 ./Middlewares/ST/STM32_USB_Host_Library/Class/HID/Src/usbh_hid_keybd.o
 *fill*         0x000000000800dc3a        0x2 
 .rodata.HID_KEYBRD_ShiftKey
                0x000000000800dc3c       0x82 ./Middlewares/ST/STM32_USB_Host_Library/Class/HID/Src/usbh_hid_keybd.o
 *fill*         0x000000000800dcbe        0x2 
 .rodata.HID_KEYBRD_Codes
                0x000000000800dcc0       0xe8 ./Middlewares/ST/STM32_USB_Host_Library/Class/HID/Src/usbh_hid_keybd.o
 .rodata._svfprintf_r.str1.1
                0x000000000800dda8       0x11 /opt/st/stm32cubeide_1.12.0/plugins/com.st.stm32cube.ide.mcu.externaltools.gnu-tools-for-stm32.10.3-2021.10.linux64_1.0.200.202301161003/tools/bin/../lib/gcc/arm-none-eabi/10.3.1/../../../../arm-none-eabi/lib/thumb/v7e-m+fp/hard/libc_nano.a(lib_a-nano-svfprintf.o)
 .rodata._printf_i.str1.1
                0x000000000800ddb9       0x22 /opt/st/stm32cubeide_1.12.0/plugins/com.st.stm32cube.ide.mcu.externaltools.gnu-tools-for-stm32.10.3-2021.10.linux64_1.0.200.202301161003/tools/bin/../lib/gcc/arm-none-eabi/10.3.1/../../../../arm-none-eabi/lib/thumb/v7e-m+fp/hard/libc_nano.a(lib_a-nano-vfprintf_i.o)
                0x000000000800dddc                . = ALIGN (0x4)
 *fill*         0x000000000800dddb        0x1 

.ARM.extab      0x000000000800dddc        0x0
                0x000000000800dddc                . = ALIGN (0x4)
 *(.ARM.extab* .gnu.linkonce.armextab.*)
                0x000000000800dddc                . = ALIGN (0x4)

.ARM            0x000000000800dddc        0x8
                0x000000000800dddc                . = ALIGN (0x4)
                0x000000000800dddc                __exidx_start = .
 *(.ARM.exidx*)
 .ARM.exidx     0x000000000800dddc        0x8 /opt/st/stm32cubeide_1.12.0/plugins/com.st.stm32cube.ide.mcu.externaltools.gnu-tools-for-stm32.10.3-2021.10.linux64_1.0.200.202301161003/tools/bin/../lib/gcc/arm-none-eabi/10.3.1/thumb/v7e-m+fp/hard/libgcc.a(_udivmoddi4.o)
                0x000000000800dde4                __exidx_end = .
                0x000000000800dde4                . = ALIGN (0x4)

.rel.dyn        0x000000000800dde4        0x0
 .rel.iplt      0x000000000800dde4        0x0 /opt/st/stm32cubeide_1.12.0/plugins/com.st.stm32cube.ide.mcu.externaltools.gnu-tools-for-stm32.10.3-2021.10.linux64_1.0.200.202301161003/tools/bin/../lib/gcc/arm-none-eabi/10.3.1/thumb/v7e-m+fp/hard/crtbegin.o

.preinit_array  0x000000000800dde4        0x0
                0x000000000800dde4                . = ALIGN (0x4)
                0x000000000800dde4                PROVIDE (__preinit_array_start = .)
 *(.preinit_array*)
                0x000000000800dde4                PROVIDE (__preinit_array_end = .)
                0x000000000800dde4                . = ALIGN (0x4)

.init_array     0x000000000800dde4        0x4
                0x000000000800dde4                . = ALIGN (0x4)
                0x000000000800dde4                PROVIDE (__init_array_start = .)
 *(SORT_BY_NAME(.init_array.*))
 *(.init_array*)
 .init_array    0x000000000800dde4        0x4 /opt/st/stm32cubeide_1.12.0/plugins/com.st.stm32cube.ide.mcu.externaltools.gnu-tools-for-stm32.10.3-2021.10.linux64_1.0.200.202301161003/tools/bin/../lib/gcc/arm-none-eabi/10.3.1/thumb/v7e-m+fp/hard/crtbegin.o
                0x000000000800dde8                PROVIDE (__init_array_end = .)
                0x000000000800dde8                . = ALIGN (0x4)

.fini_array     0x000000000800dde8        0x4
                0x000000000800dde8                . = ALIGN (0x4)
                [!provide]                        PROVIDE (__fini_array_start = .)
 *(SORT_BY_NAME(.fini_array.*))
 *(.fini_array*)
 .fini_array    0x000000000800dde8        0x4 /opt/st/stm32cubeide_1.12.0/plugins/com.st.stm32cube.ide.mcu.externaltools.gnu-tools-for-stm32.10.3-2021.10.linux64_1.0.200.202301161003/tools/bin/../lib/gcc/arm-none-eabi/10.3.1/thumb/v7e-m+fp/hard/crtbegin.o
                [!provide]                        PROVIDE (__fini_array_end = .)
                0x000000000800ddec                . = ALIGN (0x4)
                0x000000000800ddec                _sidata = LOADADDR (.data)

.data           0x0000000020000000      0x1a4 load address 0x000000000800ddec
                0x0000000020000000                . = ALIGN (0x4)
                0x0000000020000000                _sdata = .
 *(.data)
 *(.data*)
 .data.SystemCoreClock
                0x0000000020000000        0x4 ./Core/Src/system_stm32f4xx.o
                0x0000000020000000                SystemCoreClock
 .data.uwTickPrio
                0x0000000020000004        0x4 ./Drivers/STM32F4xx_HAL_Driver/Src/stm32f4xx_hal.o
                0x0000000020000004                uwTickPrio
 .data.uwTickFreq
                0x0000000020000008        0x1 ./Drivers/STM32F4xx_HAL_Driver/Src/stm32f4xx_hal.o
                0x0000000020000008                uwTickFreq
 *fill*         0x0000000020000009        0x3 
 .data.USBD_HID
                0x000000002000000c       0x38 ./Middlewares/ST/STM32_USB_Device_Library/Class/HID/Src/usbd_hid.o
                0x000000002000000c                USBD_HID
 .data.USBD_HID_CfgDesc
                0x0000000020000044       0x22 ./Middlewares/ST/STM32_USB_Device_Library/Class/HID/Src/usbd_hid.o
 *fill*         0x0000000020000066        0x2 
 .data.USBD_HID_Desc
                0x0000000020000068        0x9 ./Middlewares/ST/STM32_USB_Device_Library/Class/HID/Src/usbd_hid.o
 *fill*         0x0000000020000071        0x3 
 .data.USBD_HID_DeviceQualifierDesc
                0x0000000020000074        0xa ./Middlewares/ST/STM32_USB_Device_Library/Class/HID/Src/usbd_hid.o
 *fill*         0x000000002000007e        0x2 
 .data.HID_MOUSE_ReportDesc
                0x0000000020000080       0x3f ./Middlewares/ST/STM32_USB_Device_Library/Class/HID/Src/usbd_hid.o
 .data.HIDInEpAdd
                0x00000000200000bf        0x1 ./Middlewares/ST/STM32_USB_Device_Library/Class/HID/Src/usbd_hid.o
 .data.HID_Class
                0x00000000200000c0       0x20 ./Middlewares/ST/STM32_USB_Host_Library/Class/HID/Src/usbh_hid.o
                0x00000000200000c0                HID_Class
 .data.FS_Desc  0x00000000200000e0       0x20 ./USB_DEVICE/App/usbd_desc.o
                0x00000000200000e0                FS_Desc
 .data.USBD_FS_DeviceDesc
                0x0000000020000100       0x12 ./USB_DEVICE/App/usbd_desc.o
                0x0000000020000100                USBD_FS_DeviceDesc
 *fill*         0x0000000020000112        0x2 
 .data.USBD_FS_BOSDesc
                0x0000000020000114        0xc ./USB_DEVICE/App/usbd_desc.o
                0x0000000020000114                USBD_FS_BOSDesc
 .data.USBD_LangIDDesc
                0x0000000020000120        0x4 ./USB_DEVICE/App/usbd_desc.o
                0x0000000020000120                USBD_LangIDDesc
 .data.USBD_StringSerial
                0x0000000020000124       0x1a ./USB_DEVICE/App/usbd_desc.o
                0x0000000020000124                USBD_StringSerial
 *fill*         0x000000002000013e        0x2 
 .data._impure_ptr
                0x0000000020000140        0x4 /opt/st/stm32cubeide_1.12.0/plugins/com.st.stm32cube.ide.mcu.externaltools.gnu-tools-for-stm32.10.3-2021.10.linux64_1.0.200.202301161003/tools/bin/../lib/gcc/arm-none-eabi/10.3.1/../../../../arm-none-eabi/lib/thumb/v7e-m+fp/hard/libc_nano.a(lib_a-impure.o)
                0x0000000020000140                _impure_ptr
 .data.impure_data
                0x0000000020000144       0x60 /opt/st/stm32cubeide_1.12.0/plugins/com.st.stm32cube.ide.mcu.externaltools.gnu-tools-for-stm32.10.3-2021.10.linux64_1.0.200.202301161003/tools/bin/../lib/gcc/arm-none-eabi/10.3.1/../../../../arm-none-eabi/lib/thumb/v7e-m+fp/hard/libc_nano.a(lib_a-impure.o)
 *(.RamFunc)
 *(.RamFunc*)
                0x00000000200001a4                . = ALIGN (0x4)
                0x00000000200001a4                _edata = .

.igot.plt       0x00000000200001a4        0x0 load address 0x000000000800df90
 .igot.plt      0x00000000200001a4        0x0 /opt/st/stm32cubeide_1.12.0/plugins/com.st.stm32cube.ide.mcu.externaltools.gnu-tools-for-stm32.10.3-2021.10.linux64_1.0.200.202301161003/tools/bin/../lib/gcc/arm-none-eabi/10.3.1/thumb/v7e-m+fp/hard/crtbegin.o
                0x00000000200001a4                . = ALIGN (0x4)

.bss            0x00000000200001a4     0x11fc load address 0x000000000800df90
                0x00000000200001a4                _sbss = .
                0x00000000200001a4                __bss_start__ = _sbss
 *(.bss)
 .bss           0x00000000200001a4       0x1c /opt/st/stm32cubeide_1.12.0/plugins/com.st.stm32cube.ide.mcu.externaltools.gnu-tools-for-stm32.10.3-2021.10.linux64_1.0.200.202301161003/tools/bin/../lib/gcc/arm-none-eabi/10.3.1/thumb/v7e-m+fp/hard/crtbegin.o
 *(.bss*)
 .bss.huart2    0x00000000200001c0       0x44 ./Core/Src/main.o
                0x00000000200001c0                huart2
 .bss.uart_buff
                0x0000000020000204       0x64 ./Core/Src/main.o
                0x0000000020000204                uart_buff
 .bss.HID_Buffer
                0x0000000020000268        0x6 ./Core/Src/main.o
                0x0000000020000268                HID_Buffer
 *fill*         0x000000002000026e        0x2 
 .bss.__sbrk_heap_end
                0x0000000020000270        0x4 ./Core/Src/sysmem.o
 .bss.uwTick    0x0000000020000274        0x4 ./Drivers/STM32F4xx_HAL_Driver/Src/stm32f4xx_hal.o
                0x0000000020000274                uwTick
 .bss.cfgidx.0  0x0000000020000278        0x1 ./Middlewares/ST/STM32_USB_Device_Library/Core/Src/usbd_ctlreq.o
 *fill*         0x0000000020000279        0x3 
 .bss.keybd_info
                0x000000002000027c        0xf ./Middlewares/ST/STM32_USB_Host_Library/Class/HID/Src/usbh_hid_keybd.o
                0x000000002000027c                keybd_info
 *fill*         0x000000002000028b        0x1 
 .bss.keybd_rx_report_buf
                0x000000002000028c        0x8 ./Middlewares/ST/STM32_USB_Host_Library/Class/HID/Src/usbh_hid_keybd.o
                0x000000002000028c                keybd_rx_report_buf
 .bss.keybd_report_data
                0x0000000020000294        0x8 ./Middlewares/ST/STM32_USB_Host_Library/Class/HID/Src/usbh_hid_keybd.o
                0x0000000020000294                keybd_report_data
 .bss.mouse_info
                0x000000002000029c        0x5 ./Middlewares/ST/STM32_USB_Host_Library/Class/HID/Src/usbh_hid_mouse.o
                0x000000002000029c                mouse_info
 *fill*         0x00000000200002a1        0x3 
 .bss.mouse_report_data
                0x00000000200002a4        0x8 ./Middlewares/ST/STM32_USB_Host_Library/Class/HID/Src/usbh_hid_mouse.o
                0x00000000200002a4                mouse_report_data
 .bss.mouse_rx_report_buf
                0x00000000200002ac        0x8 ./Middlewares/ST/STM32_USB_Host_Library/Class/HID/Src/usbh_hid_mouse.o
                0x00000000200002ac                mouse_rx_report_buf
 .bss.hUsbDeviceFS
                0x00000000200002b4      0x2dc ./USB_DEVICE/App/usb_device.o
                0x00000000200002b4                hUsbDeviceFS
 .bss.USBD_StrDesc
                0x0000000020000590      0x200 ./USB_DEVICE/App/usbd_desc.o