../Core/Src/main.c:75:6:HAL_GPIO_EXTI_Callback	24	static
../Core/Src/main.c:82:6:USBH_HID_EventCallback	64	static
../Core/Src/main.c:170:6:send_key	16	static
../Core/Src/main.c:184:6:emoji	16	static
../Core/Src/main.c:212:6:type_hello_world	8	static
../Core/Src/main.c:297:5:main	8	static
../Core/Src/main.c:348:6:SystemClock_Config	88	static
../Core/Src/main.c:394:13:MX_USART2_UART_Init	8	static
../Core/Src/main.c:426:13:MX_GPIO_Init	48	static
../Core/Src/main.c:470:6:Error_Handler	4	static,ignoring_inline_asm
